::ffff:192.168.137.1 - - [05/Jul/2024:12:18:46 +0000] "GET /api/v1/admin/services?trash=false HTTP/1.1" 304 - "http://192.168.137.72:5173/" "Mozilla/5.0 (Windows NT 10.0; Win64; x64) AppleWebKit/537.36 (KHTML, like Gecko) Chrome/126.0.0.0 Safari/537.36"
::ffff:192.168.137.1 - - [05/Jul/2024:12:18:49 +0000] "GET /api/v1/admin/services?trash=false HTTP/1.1" 304 - "http://192.168.137.72:5173/" "Mozilla/5.0 (Windows NT 10.0; Win64; x64) AppleWebKit/537.36 (KHTML, like Gecko) Chrome/126.0.0.0 Safari/537.36"
::ffff:192.168.137.1 - - [05/Jul/2024:12:18:51 +0000] "GET /api/v1/admin/services?trash=false HTTP/1.1" 304 - "http://192.168.137.72:5173/" "Mozilla/5.0 (Windows NT 10.0; Win64; x64) AppleWebKit/537.36 (KHTML, like Gecko) Chrome/126.0.0.0 Safari/537.36"
::ffff:192.168.137.1 - - [05/Jul/2024:12:18:53 +0000] "GET /api/v1/admin/services?trash=false HTTP/1.1" 304 - "http://192.168.137.72:5173/" "Mozilla/5.0 (Windows NT 10.0; Win64; x64) AppleWebKit/537.36 (KHTML, like Gecko) Chrome/126.0.0.0 Safari/537.36"
::ffff:192.168.137.1 - - [05/Jul/2024:12:18:55 +0000] "GET /api/v1/admin/services?trash=true HTTP/1.1" 304 - "http://192.168.137.72:5173/" "Mozilla/5.0 (Windows NT 10.0; Win64; x64) AppleWebKit/537.36 (KHTML, like Gecko) Chrome/126.0.0.0 Safari/537.36"
::ffff:192.168.137.1 - - [05/Jul/2024:12:19:03 +0000] "GET /api/v1/admin/services?trash=false HTTP/1.1" 304 - "http://192.168.137.72:5173/" "Mozilla/5.0 (Windows NT 10.0; Win64; x64) AppleWebKit/537.36 (KHTML, like Gecko) Chrome/126.0.0.0 Safari/537.36"
::ffff:192.168.137.72 - - [05/Jul/2024:12:19:27 +0000] "GET /api/v1/images/5.jpg-1720096053296-947550271.jpg HTTP/1.1" 404 49 "http://localhost:5173/" "Mozilla/5.0 (X11; Linux x86_64) AppleWebKit/537.36 (KHTML, like Gecko) Chrome/124.0.0.0 Safari/537.36"
::ffff:192.168.137.72 - - [05/Jul/2024:12:19:27 +0000] "GET /api/v1/admin/services/67fa527d-dd39-4e73-9013-86e1f1fdc75d HTTP/1.1" 304 - "http://localhost:5173/" "Mozilla/5.0 (X11; Linux x86_64) AppleWebKit/537.36 (KHTML, like Gecko) Chrome/124.0.0.0 Safari/537.36"
::ffff:192.168.137.72 - - [05/Jul/2024:12:19:30 +0000] "GET /api/v1/admin/services?trash=false HTTP/1.1" 200 5162 "http://localhost:5173/" "Mozilla/5.0 (X11; Linux x86_64) AppleWebKit/537.36 (KHTML, like Gecko) Chrome/124.0.0.0 Safari/537.36"
::ffff:192.168.137.72 - - [05/Jul/2024:12:19:32 +0000] "GET /api/v1/admin/services?trash=true HTTP/1.1" 200 5162 "http://localhost:5173/" "Mozilla/5.0 (X11; Linux x86_64) AppleWebKit/537.36 (KHTML, like Gecko) Chrome/124.0.0.0 Safari/537.36"
::ffff:192.168.137.72 - - [05/Jul/2024:12:19:38 +0000] "GET /api/v1/admin/services?trash=false HTTP/1.1" 304 - "http://localhost:5173/" "Mozilla/5.0 (X11; Linux x86_64) AppleWebKit/537.36 (KHTML, like Gecko) Chrome/124.0.0.0 Safari/537.36"
::ffff:192.168.137.72 - - [05/Jul/2024:12:19:50 +0000] "GET /api/v1/admin/services?trash=true HTTP/1.1" 304 - "http://localhost:5173/" "Mozilla/5.0 (X11; Linux x86_64) AppleWebKit/537.36 (KHTML, like Gecko) Chrome/124.0.0.0 Safari/537.36"
::ffff:192.168.137.72 - - [05/Jul/2024:12:19:59 +0000] "GET /api/v1/images/5.jpg-1720096053296-947550271.jpg HTTP/1.1" 404 49 "http://localhost:5173/" "Mozilla/5.0 (X11; Linux x86_64) AppleWebKit/537.36 (KHTML, like Gecko) Chrome/124.0.0.0 Safari/537.36"
::ffff:192.168.137.1 - - [05/Jul/2024:12:20:17 +0000] "GET /api/v1/admin/services?trash=true HTTP/1.1" 304 - "http://192.168.137.72:5173/" "Mozilla/5.0 (Windows NT 10.0; Win64; x64) AppleWebKit/537.36 (KHTML, like Gecko) Chrome/126.0.0.0 Safari/537.36"
::ffff:192.168.137.1 - - [05/Jul/2024:12:20:38 +0000] "GET /api/v1/admin/services?trash=false HTTP/1.1" 304 - "http://192.168.137.72:5173/" "Mozilla/5.0 (Windows NT 10.0; Win64; x64) AppleWebKit/537.36 (KHTML, like Gecko) Chrome/126.0.0.0 Safari/537.36"
::ffff:192.168.137.1 - - [05/Jul/2024:12:20:43 +0000] "GET /api/v1/admin/services/00312e4e-42ca-40f5-8fc5-05257633e465 HTTP/1.1" 304 - "http://192.168.137.72:5173/" "Mozilla/5.0 (Windows NT 10.0; Win64; x64) AppleWebKit/537.36 (KHTML, like Gecko) Chrome/126.0.0.0 Safari/537.36"
::ffff:192.168.137.1 - - [05/Jul/2024:12:20:45 +0000] "GET /api/v1/admin/services?trash=false HTTP/1.1" 304 - "http://192.168.137.72:5173/" "Mozilla/5.0 (Windows NT 10.0; Win64; x64) AppleWebKit/537.36 (KHTML, like Gecko) Chrome/126.0.0.0 Safari/537.36"
::ffff:192.168.137.72 - - [05/Jul/2024:12:21:18 +0000] "GET /api/v1/admin/services?trash=false HTTP/1.1" 304 - "http://localhost:5173/" "Mozilla/5.0 (X11; Linux x86_64) AppleWebKit/537.36 (KHTML, like Gecko) Chrome/124.0.0.0 Safari/537.36"
::ffff:192.168.137.72 - - [05/Jul/2024:12:21:21 +0000] "GET /api/v1/admin/services?trash=true HTTP/1.1" 304 - "http://localhost:5173/" "Mozilla/5.0 (X11; Linux x86_64) AppleWebKit/537.36 (KHTML, like Gecko) Chrome/124.0.0.0 Safari/537.36"
::ffff:192.168.137.72 - - [05/Jul/2024:12:21:30 +0000] "PATCH /api/v1/admin/services/backup/00312e4e-42ca-40f5-8fc5-05257633e465 HTTP/1.1" 200 66 "http://localhost:5173/" "Mozilla/5.0 (X11; Linux x86_64) AppleWebKit/537.36 (KHTML, like Gecko) Chrome/124.0.0.0 Safari/537.36"
::ffff:192.168.137.72 - - [05/Jul/2024:12:21:30 +0000] "GET /api/v1/admin/services?trash=true HTTP/1.1" 200 5162 "http://localhost:5173/" "Mozilla/5.0 (X11; Linux x86_64) AppleWebKit/537.36 (KHTML, like Gecko) Chrome/124.0.0.0 Safari/537.36"
::ffff:192.168.137.72 - - [05/Jul/2024:12:21:37 +0000] "GET /api/v1/admin/services?trash=false HTTP/1.1" 200 5162 "http://localhost:5173/" "Mozilla/5.0 (X11; Linux x86_64) AppleWebKit/537.36 (KHTML, like Gecko) Chrome/124.0.0.0 Safari/537.36"
::ffff:192.168.137.72 - - [05/Jul/2024:12:21:40 +0000] "GET /api/v1/admin/services?trash=true HTTP/1.1" 304 - "http://localhost:5173/" "Mozilla/5.0 (X11; Linux x86_64) AppleWebKit/537.36 (KHTML, like Gecko) Chrome/124.0.0.0 Safari/537.36"
::ffff:192.168.137.1 - - [05/Jul/2024:12:21:59 +0000] "GET /api/v1/admin/services?trash=true HTTP/1.1" 200 5162 "http://192.168.137.72:5173/" "Mozilla/5.0 (Windows NT 10.0; Win64; x64) AppleWebKit/537.36 (KHTML, like Gecko) Chrome/126.0.0.0 Safari/537.36"
::ffff:192.168.137.1 - - [05/Jul/2024:12:22:48 +0000] "GET /api/v1/admin/services?trash=false HTTP/1.1" 200 5162 "http://192.168.137.72:5173/" "Mozilla/5.0 (Windows NT 10.0; Win64; x64) AppleWebKit/537.36 (KHTML, like Gecko) Chrome/126.0.0.0 Safari/537.36"
::ffff:192.168.137.1 - - [05/Jul/2024:12:23:01 +0000] "GET /api/v1/admin/services?trash=false HTTP/1.1" 304 - "http://192.168.137.72:5173/" "Mozilla/5.0 (Windows NT 10.0; Win64; x64) AppleWebKit/537.36 (KHTML, like Gecko) Chrome/126.0.0.0 Safari/537.36"
::ffff:192.168.137.1 - - [05/Jul/2024:12:23:09 +0000] "GET /api/v1/admin/services?trash=true HTTP/1.1" 304 - "http://192.168.137.72:5173/" "Mozilla/5.0 (Windows NT 10.0; Win64; x64) AppleWebKit/537.36 (KHTML, like Gecko) Chrome/126.0.0.0 Safari/537.36"
::1 - - [05/Jul/2024:12:24:07 +0000] "GET /api/v1/admin/services?trash=true HTTP/1.1" 200 5162 "-" "PostmanRuntime/7.39.1"
::ffff:192.168.137.72 - - [05/Jul/2024:12:24:17 +0000] "GET /api/v1/admin/services HTTP/1.1" 200 5162 "-" "Mozilla/5.0 (X11; Linux x86_64) AppleWebKit/537.36 (KHTML, like Gecko) Chrome/124.0.0.0 Safari/537.36"
::ffff:192.168.137.72 - - [05/Jul/2024:12:24:33 +0000] "GET /api/v1/admin/services?trash=true HTTP/1.1" 200 5162 "-" "Mozilla/5.0 (X11; Linux x86_64) AppleWebKit/537.36 (KHTML, like Gecko) Chrome/124.0.0.0 Safari/537.36"
::1 - - [05/Jul/2024:12:25:17 +0000] "GET /api/v1/admin/services?trash=false HTTP/1.1" 200 5162 "-" "PostmanRuntime/7.39.1"
::ffff:192.168.137.72 - - [05/Jul/2024:12:26:41 +0000] "GET /api/v1/admin/services?trash=true HTTP/1.1" 304 - "http://localhost:5173/" "Mozilla/5.0 (X11; Linux x86_64) AppleWebKit/537.36 (KHTML, like Gecko) Chrome/124.0.0.0 Safari/537.36"
::ffff:192.168.137.1 - - [05/Jul/2024:12:26:41 +0000] "GET /api/v1/admin/services?trash=true HTTP/1.1" 304 - "http://192.168.137.72:5173/" "Mozilla/5.0 (Windows NT 10.0; Win64; x64) AppleWebKit/537.36 (KHTML, like Gecko) Chrome/126.0.0.0 Safari/537.36"
::ffff:192.168.137.72 - - [05/Jul/2024:12:26:45 +0000] "GET /api/v1/admin/services?trash=true HTTP/1.1" 304 - "http://localhost:5173/" "Mozilla/5.0 (X11; Linux x86_64) AppleWebKit/537.36 (KHTML, like Gecko) Chrome/124.0.0.0 Safari/537.36"
::ffff:192.168.137.1 - - [05/Jul/2024:12:26:45 +0000] "GET /api/v1/admin/services?trash=true HTTP/1.1" 304 - "http://192.168.137.72:5173/" "Mozilla/5.0 (Windows NT 10.0; Win64; x64) AppleWebKit/537.36 (KHTML, like Gecko) Chrome/126.0.0.0 Safari/537.36"
::ffff:192.168.137.72 - - [05/Jul/2024:12:27:12 +0000] "GET /api/v1/admin/sub-services?trash=true HTTP/1.1" 404 49 "http://localhost:5173/" "Mozilla/5.0 (X11; Linux x86_64) AppleWebKit/537.36 (KHTML, like Gecko) Chrome/124.0.0.0 Safari/537.36"
::ffff:192.168.137.1 - - [05/Jul/2024:12:27:12 +0000] "GET /api/v1/admin/sub-services?trash=true HTTP/1.1" 404 49 "http://192.168.137.72:5173/" "Mozilla/5.0 (Windows NT 10.0; Win64; x64) AppleWebKit/537.36 (KHTML, like Gecko) Chrome/126.0.0.0 Safari/537.36"
::ffff:192.168.137.72 - - [05/Jul/2024:12:27:13 +0000] "GET /api/v1/admin/sub-services?trash=true HTTP/1.1" 404 49 "http://localhost:5173/" "Mozilla/5.0 (X11; Linux x86_64) AppleWebKit/537.36 (KHTML, like Gecko) Chrome/124.0.0.0 Safari/537.36"
::ffff:192.168.137.1 - - [05/Jul/2024:12:27:13 +0000] "GET /api/v1/admin/sub-services?trash=true HTTP/1.1" 404 49 "http://192.168.137.72:5173/" "Mozilla/5.0 (Windows NT 10.0; Win64; x64) AppleWebKit/537.36 (KHTML, like Gecko) Chrome/126.0.0.0 Safari/537.36"
::ffff:192.168.137.72 - - [05/Jul/2024:12:27:22 +0000] "GET /api/v1/admin/sub-services?trash=true HTTP/1.1" 404 49 "http://localhost:5173/" "Mozilla/5.0 (X11; Linux x86_64) AppleWebKit/537.36 (KHTML, like Gecko) Chrome/124.0.0.0 Safari/537.36"
::ffff:192.168.137.1 - - [05/Jul/2024:12:27:23 +0000] "GET /api/v1/admin/sub-services?trash=true HTTP/1.1" 404 49 "http://192.168.137.72:5173/" "Mozilla/5.0 (Windows NT 10.0; Win64; x64) AppleWebKit/537.36 (KHTML, like Gecko) Chrome/126.0.0.0 Safari/537.36"
::ffff:192.168.137.72 - - [05/Jul/2024:12:27:32 +0000] "GET /api/v1/admin/sub-services?trash=true HTTP/1.1" 404 49 "http://localhost:5173/" "Mozilla/5.0 (X11; Linux x86_64) AppleWebKit/537.36 (KHTML, like Gecko) Chrome/124.0.0.0 Safari/537.36"
::ffff:192.168.137.1 - - [05/Jul/2024:12:27:34 +0000] "GET /api/v1/admin/sub-services?trash=true HTTP/1.1" 404 49 "http://192.168.137.72:5173/" "Mozilla/5.0 (Windows NT 10.0; Win64; x64) AppleWebKit/537.36 (KHTML, like Gecko) Chrome/126.0.0.0 Safari/537.36"
::ffff:192.168.137.72 - - [05/Jul/2024:12:27:51 +0000] "GET /api/v1/admin/services?trash=true HTTP/1.1" 200 266 "http://localhost:5173/" "Mozilla/5.0 (X11; Linux x86_64) AppleWebKit/537.36 (KHTML, like Gecko) Chrome/124.0.0.0 Safari/537.36"
::ffff:192.168.137.72 - - [05/Jul/2024:12:27:51 +0000] "GET /api/v1/admin/services?trash=true HTTP/1.1" 304 - "http://localhost:5173/" "Mozilla/5.0 (X11; Linux x86_64) AppleWebKit/537.36 (KHTML, like Gecko) Chrome/124.0.0.0 Safari/537.36"
::ffff:192.168.137.1 - - [05/Jul/2024:12:27:51 +0000] "GET /api/v1/admin/services?trash=true HTTP/1.1" 200 266 "http://192.168.137.72:5173/" "Mozilla/5.0 (Windows NT 10.0; Win64; x64) AppleWebKit/537.36 (KHTML, like Gecko) Chrome/126.0.0.0 Safari/537.36"
::ffff:192.168.137.72 - - [05/Jul/2024:12:27:51 +0000] "GET /api/v1/admin/services?trash=true HTTP/1.1" 304 - "http://localhost:5173/" "Mozilla/5.0 (X11; Linux x86_64) AppleWebKit/537.36 (KHTML, like Gecko) Chrome/124.0.0.0 Safari/537.36"
::ffff:192.168.137.72 - - [05/Jul/2024:12:28:23 +0000] "GET /api/v1/admin/services?trash=true HTTP/1.1" 304 - "http://localhost:5173/" "Mozilla/5.0 (X11; Linux x86_64) AppleWebKit/537.36 (KHTML, like Gecko) Chrome/124.0.0.0 Safari/537.36"
::ffff:192.168.137.1 - - [05/Jul/2024:12:28:25 +0000] "GET /api/v1/admin/services?trash=true HTTP/1.1" 304 - "http://192.168.137.72:5173/" "Mozilla/5.0 (Windows NT 10.0; Win64; x64) AppleWebKit/537.36 (KHTML, like Gecko) Chrome/126.0.0.0 Safari/537.36"
::ffff:192.168.137.1 - - [05/Jul/2024:12:28:57 +0000] "GET /api/v1/admin/services?trash=true HTTP/1.1" 500 201 "http://192.168.137.72:5173/" "Mozilla/5.0 (Windows NT 10.0; Win64; x64) AppleWebKit/537.36 (KHTML, like Gecko) Chrome/126.0.0.0 Safari/537.36"
::ffff:192.168.137.72 - - [05/Jul/2024:12:29:20 +0000] "GET /api/v1/images/5.jpg-1720096053296-947550271.jpg HTTP/1.1" 404 49 "http://localhost:5173/" "Mozilla/5.0 (X11; Linux x86_64) AppleWebKit/537.36 (KHTML, like Gecko) Chrome/124.0.0.0 Safari/537.36"
::ffff:192.168.137.72 - - [05/Jul/2024:12:29:20 +0000] "GET /api/v1/admin/services?trash=true HTTP/1.1" 500 201 "http://localhost:5173/" "Mozilla/5.0 (X11; Linux x86_64) AppleWebKit/537.36 (KHTML, like Gecko) Chrome/124.0.0.0 Safari/537.36"
::ffff:192.168.137.1 - - [05/Jul/2024:12:29:32 +0000] "GET /api/v1/admin/services?trash=true HTTP/1.1" 500 201 "http://192.168.137.72:5173/" "Mozilla/5.0 (Windows NT 10.0; Win64; x64) AppleWebKit/537.36 (KHTML, like Gecko) Chrome/126.0.0.0 Safari/537.36"
::ffff:192.168.137.72 - - [05/Jul/2024:12:29:33 +0000] "GET /api/v1/images/5.jpg-1720096053296-947550271.jpg HTTP/1.1" 404 49 "http://localhost:5173/" "Mozilla/5.0 (X11; Linux x86_64) AppleWebKit/537.36 (KHTML, like Gecko) Chrome/124.0.0.0 Safari/537.36"
::ffff:192.168.137.72 - - [05/Jul/2024:12:29:33 +0000] "GET /api/v1/admin/services?trash=true HTTP/1.1" 500 201 "http://localhost:5173/" "Mozilla/5.0 (X11; Linux x86_64) AppleWebKit/537.36 (KHTML, like Gecko) Chrome/124.0.0.0 Safari/537.36"
::1 - - [05/Jul/2024:12:29:48 +0000] "GET /api/v1/admin/services?trash=false HTTP/1.1" 500 201 "-" "PostmanRuntime/7.39.1"
::ffff:192.168.137.1 - - [05/Jul/2024:12:29:49 +0000] "GET /api/v1/admin/services?trash=true HTTP/1.1" 500 201 "http://192.168.137.72:5173/" "Mozilla/5.0 (Windows NT 10.0; Win64; x64) AppleWebKit/537.36 (KHTML, like Gecko) Chrome/126.0.0.0 Safari/537.36"
::ffff:192.168.137.72 - - [05/Jul/2024:12:29:49 +0000] "GET /api/v1/admin/services?trash=true HTTP/1.1" 500 201 "http://localhost:5173/" "Mozilla/5.0 (X11; Linux x86_64) AppleWebKit/537.36 (KHTML, like Gecko) Chrome/124.0.0.0 Safari/537.36"
::ffff:192.168.137.72 - - [05/Jul/2024:12:29:49 +0000] "GET /api/v1/images/5.jpg-1720096053296-947550271.jpg HTTP/1.1" 404 49 "http://localhost:5173/" "Mozilla/5.0 (X11; Linux x86_64) AppleWebKit/537.36 (KHTML, like Gecko) Chrome/124.0.0.0 Safari/537.36"
::ffff:192.168.137.72 - - [05/Jul/2024:12:29:59 +0000] "GET /api/v1/admin/services?trash=true HTTP/1.1" 500 201 "http://localhost:5173/" "Mozilla/5.0 (X11; Linux x86_64) AppleWebKit/537.36 (KHTML, like Gecko) Chrome/124.0.0.0 Safari/537.36"
::ffff:192.168.137.72 - - [05/Jul/2024:12:29:59 +0000] "GET /api/v1/images/5.jpg-1720096053296-947550271.jpg HTTP/1.1" 404 49 "http://localhost:5173/" "Mozilla/5.0 (X11; Linux x86_64) AppleWebKit/537.36 (KHTML, like Gecko) Chrome/124.0.0.0 Safari/537.36"
::ffff:192.168.137.1 - - [05/Jul/2024:12:30:00 +0000] "GET /api/v1/admin/services?trash=true HTTP/1.1" 500 201 "http://192.168.137.72:5173/" "Mozilla/5.0 (Windows NT 10.0; Win64; x64) AppleWebKit/537.36 (KHTML, like Gecko) Chrome/126.0.0.0 Safari/537.36"
::ffff:192.168.137.72 - - [05/Jul/2024:12:30:01 +0000] "GET /api/v1/admin/services?trash=true HTTP/1.1" 500 201 "http://localhost:5173/" "Mozilla/5.0 (X11; Linux x86_64) AppleWebKit/537.36 (KHTML, like Gecko) Chrome/124.0.0.0 Safari/537.36"
::ffff:192.168.137.72 - - [05/Jul/2024:12:30:01 +0000] "GET /api/v1/images/5.jpg-1720096053296-947550271.jpg HTTP/1.1" 404 49 "http://localhost:5173/" "Mozilla/5.0 (X11; Linux x86_64) AppleWebKit/537.36 (KHTML, like Gecko) Chrome/124.0.0.0 Safari/537.36"
::ffff:192.168.137.1 - - [05/Jul/2024:12:30:02 +0000] "GET /api/v1/admin/services?trash=true HTTP/1.1" 500 201 "http://192.168.137.72:5173/" "Mozilla/5.0 (Windows NT 10.0; Win64; x64) AppleWebKit/537.36 (KHTML, like Gecko) Chrome/126.0.0.0 Safari/537.36"
::ffff:192.168.137.1 - - [05/Jul/2024:12:30:11 +0000] "GET /api/v1/admin/services?trash=true HTTP/1.1" 500 201 "http://192.168.137.72:5173/" "Mozilla/5.0 (Windows NT 10.0; Win64; x64) AppleWebKit/537.36 (KHTML, like Gecko) Chrome/126.0.0.0 Safari/537.36"
::ffff:192.168.137.72 - - [05/Jul/2024:12:30:16 +0000] "GET /api/v1/admin/services?trash=true HTTP/1.1" 200 5162 "http://localhost:5173/" "Mozilla/5.0 (X11; Linux x86_64) AppleWebKit/537.36 (KHTML, like Gecko) Chrome/124.0.0.0 Safari/537.36"
::ffff:192.168.137.72 - - [05/Jul/2024:12:30:16 +0000] "GET /api/v1/images/5.jpg-1720096053296-947550271.jpg HTTP/1.1" 404 49 "http://localhost:5173/" "Mozilla/5.0 (X11; Linux x86_64) AppleWebKit/537.36 (KHTML, like Gecko) Chrome/124.0.0.0 Safari/537.36"
::ffff:192.168.137.72 - - [05/Jul/2024:12:30:21 +0000] "GET /api/v1/admin/services?trash=true HTTP/1.1" 304 - "http://localhost:5173/" "Mozilla/5.0 (X11; Linux x86_64) AppleWebKit/537.36 (KHTML, like Gecko) Chrome/124.0.0.0 Safari/537.36"
::ffff:192.168.137.72 - - [05/Jul/2024:12:30:21 +0000] "GET /api/v1/images/5.jpg-1720096053296-947550271.jpg HTTP/1.1" 404 49 "http://localhost:5173/" "Mozilla/5.0 (X11; Linux x86_64) AppleWebKit/537.36 (KHTML, like Gecko) Chrome/124.0.0.0 Safari/537.36"
::ffff:192.168.137.1 - - [05/Jul/2024:12:30:22 +0000] "GET /api/v1/admin/services?trash=true HTTP/1.1" 200 5162 "http://192.168.137.72:5173/" "Mozilla/5.0 (Windows NT 10.0; Win64; x64) AppleWebKit/537.36 (KHTML, like Gecko) Chrome/126.0.0.0 Safari/537.36"
::ffff:192.168.137.72 - - [05/Jul/2024:12:30:25 +0000] "GET /api/v1/admin/services?trash=true HTTP/1.1" 304 - "http://localhost:5173/" "Mozilla/5.0 (X11; Linux x86_64) AppleWebKit/537.36 (KHTML, like Gecko) Chrome/124.0.0.0 Safari/537.36"
::ffff:192.168.137.72 - - [05/Jul/2024:12:30:25 +0000] "GET /api/v1/images/5.jpg-1720096053296-947550271.jpg HTTP/1.1" 404 49 "http://localhost:5173/" "Mozilla/5.0 (X11; Linux x86_64) AppleWebKit/537.36 (KHTML, like Gecko) Chrome/124.0.0.0 Safari/537.36"
::ffff:192.168.137.1 - - [05/Jul/2024:12:30:26 +0000] "GET /api/v1/admin/services?trash=true HTTP/1.1" 304 - "http://192.168.137.72:5173/" "Mozilla/5.0 (Windows NT 10.0; Win64; x64) AppleWebKit/537.36 (KHTML, like Gecko) Chrome/126.0.0.0 Safari/537.36"
::ffff:192.168.137.1 - - [05/Jul/2024:12:30:38 +0000] "GET /api/v1/admin/services?trash=true HTTP/1.1" 200 282 "http://192.168.137.72:5173/" "Mozilla/5.0 (Windows NT 10.0; Win64; x64) AppleWebKit/537.36 (KHTML, like Gecko) Chrome/126.0.0.0 Safari/537.36"
::ffff:192.168.137.72 - - [05/Jul/2024:12:30:38 +0000] "GET /api/v1/admin/services?trash=true HTTP/1.1" 200 282 "http://localhost:5173/" "Mozilla/5.0 (X11; Linux x86_64) AppleWebKit/537.36 (KHTML, like Gecko) Chrome/124.0.0.0 Safari/537.36"
::ffff:192.168.137.72 - - [05/Jul/2024:12:30:38 +0000] "GET /api/v1/images/5.jpg-1720096053296-947550271.jpg HTTP/1.1" 404 49 "http://localhost:5173/" "Mozilla/5.0 (X11; Linux x86_64) AppleWebKit/537.36 (KHTML, like Gecko) Chrome/124.0.0.0 Safari/537.36"
::ffff:192.168.137.1 - - [05/Jul/2024:12:30:52 +0000] "GET /api/v1/admin/services?trash=true HTTP/1.1" 304 - "http://192.168.137.72:5173/" "Mozilla/5.0 (Windows NT 10.0; Win64; x64) AppleWebKit/537.36 (KHTML, like Gecko) Chrome/126.0.0.0 Safari/537.36"
::ffff:192.168.137.72 - - [05/Jul/2024:12:30:52 +0000] "GET /api/v1/admin/services?trash=true HTTP/1.1" 304 - "http://localhost:5173/" "Mozilla/5.0 (X11; Linux x86_64) AppleWebKit/537.36 (KHTML, like Gecko) Chrome/124.0.0.0 Safari/537.36"
::ffff:192.168.137.72 - - [05/Jul/2024:12:30:52 +0000] "GET /api/v1/images/5.jpg-1720096053296-947550271.jpg HTTP/1.1" 404 49 "http://localhost:5173/" "Mozilla/5.0 (X11; Linux x86_64) AppleWebKit/537.36 (KHTML, like Gecko) Chrome/124.0.0.0 Safari/537.36"
::ffff:192.168.137.72 - - [05/Jul/2024:12:30:56 +0000] "GET /api/v1/admin/services?trash=true HTTP/1.1" 304 - "http://localhost:5173/" "Mozilla/5.0 (X11; Linux x86_64) AppleWebKit/537.36 (KHTML, like Gecko) Chrome/124.0.0.0 Safari/537.36"
::ffff:192.168.137.72 - - [05/Jul/2024:12:30:56 +0000] "GET /api/v1/images/5.jpg-1720096053296-947550271.jpg HTTP/1.1" 404 49 "http://localhost:5173/" "Mozilla/5.0 (X11; Linux x86_64) AppleWebKit/537.36 (KHTML, like Gecko) Chrome/124.0.0.0 Safari/537.36"
::ffff:192.168.137.1 - - [05/Jul/2024:12:30:57 +0000] "GET /api/v1/admin/services?trash=true HTTP/1.1" 304 - "http://192.168.137.72:5173/" "Mozilla/5.0 (Windows NT 10.0; Win64; x64) AppleWebKit/537.36 (KHTML, like Gecko) Chrome/126.0.0.0 Safari/537.36"
::ffff:192.168.137.1 - - [05/Jul/2024:12:30:59 +0000] "GET /api/v1/admin/services?trash=true HTTP/1.1" 304 - "http://192.168.137.72:5173/" "Mozilla/5.0 (Windows NT 10.0; Win64; x64) AppleWebKit/537.36 (KHTML, like Gecko) Chrome/126.0.0.0 Safari/537.36"
::ffff:192.168.137.72 - - [05/Jul/2024:12:31:00 +0000] "GET /api/v1/images/5.jpg-1720096053296-947550271.jpg HTTP/1.1" 404 49 "http://localhost:5173/" "Mozilla/5.0 (X11; Linux x86_64) AppleWebKit/537.36 (KHTML, like Gecko) Chrome/124.0.0.0 Safari/537.36"
::ffff:192.168.137.72 - - [05/Jul/2024:12:31:00 +0000] "GET /api/v1/admin/services?trash=true HTTP/1.1" 304 - "http://localhost:5173/" "Mozilla/5.0 (X11; Linux x86_64) AppleWebKit/537.36 (KHTML, like Gecko) Chrome/124.0.0.0 Safari/537.36"
::ffff:192.168.137.1 - - [05/Jul/2024:12:31:02 +0000] "GET /api/v1/admin/services?trash=true HTTP/1.1" 304 - "http://192.168.137.72:5173/" "Mozilla/5.0 (Windows NT 10.0; Win64; x64) AppleWebKit/537.36 (KHTML, like Gecko) Chrome/126.0.0.0 Safari/537.36"
::ffff:192.168.137.72 - - [05/Jul/2024:12:31:03 +0000] "GET /api/v1/admin/services?trash=true HTTP/1.1" 304 - "http://localhost:5173/" "Mozilla/5.0 (X11; Linux x86_64) AppleWebKit/537.36 (KHTML, like Gecko) Chrome/124.0.0.0 Safari/537.36"
::ffff:192.168.137.72 - - [05/Jul/2024:12:31:03 +0000] "GET /api/v1/images/5.jpg-1720096053296-947550271.jpg HTTP/1.1" 404 49 "http://localhost:5173/" "Mozilla/5.0 (X11; Linux x86_64) AppleWebKit/537.36 (KHTML, like Gecko) Chrome/124.0.0.0 Safari/537.36"
::1 - - [05/Jul/2024:12:31:05 +0000] "GET /api/v1/admin/services?trash=false HTTP/1.1" 200 5162 "-" "PostmanRuntime/7.39.1"
::ffff:192.168.137.72 - - [05/Jul/2024:12:31:08 +0000] "GET /api/v1/images/5.jpg-1720096053296-947550271.jpg HTTP/1.1" 404 49 "http://localhost:5173/" "Mozilla/5.0 (X11; Linux x86_64) AppleWebKit/537.36 (KHTML, like Gecko) Chrome/124.0.0.0 Safari/537.36"
::ffff:192.168.137.72 - - [05/Jul/2024:12:31:08 +0000] "GET /api/v1/admin/services?trash=true HTTP/1.1" 304 - "http://localhost:5173/" "Mozilla/5.0 (X11; Linux x86_64) AppleWebKit/537.36 (KHTML, like Gecko) Chrome/124.0.0.0 Safari/537.36"
::ffff:192.168.137.1 - - [05/Jul/2024:12:31:08 +0000] "GET /api/v1/admin/services?trash=true HTTP/1.1" 304 - "http://192.168.137.72:5173/" "Mozilla/5.0 (Windows NT 10.0; Win64; x64) AppleWebKit/537.36 (KHTML, like Gecko) Chrome/126.0.0.0 Safari/537.36"
::ffff:192.168.137.72 - - [05/Jul/2024:12:31:18 +0000] "GET /api/v1/images/5.jpg-1720096053296-947550271.jpg HTTP/1.1" 404 49 "http://localhost:5173/" "Mozilla/5.0 (X11; Linux x86_64) AppleWebKit/537.36 (KHTML, like Gecko) Chrome/124.0.0.0 Safari/537.36"
::ffff:192.168.137.72 - - [05/Jul/2024:12:31:18 +0000] "GET /api/v1/admin/services?trash=true HTTP/1.1" 304 - "http://localhost:5173/" "Mozilla/5.0 (X11; Linux x86_64) AppleWebKit/537.36 (KHTML, like Gecko) Chrome/124.0.0.0 Safari/537.36"
::ffff:192.168.137.1 - - [05/Jul/2024:12:31:18 +0000] "GET /api/v1/admin/services?trash=true HTTP/1.1" 304 - "http://192.168.137.72:5173/" "Mozilla/5.0 (Windows NT 10.0; Win64; x64) AppleWebKit/537.36 (KHTML, like Gecko) Chrome/126.0.0.0 Safari/537.36"
::ffff:192.168.137.1 - - [05/Jul/2024:12:31:20 +0000] "GET /api/v1/admin/services?trash=true HTTP/1.1" 304 - "http://192.168.137.72:5173/" "Mozilla/5.0 (Windows NT 10.0; Win64; x64) AppleWebKit/537.36 (KHTML, like Gecko) Chrome/126.0.0.0 Safari/537.36"
::ffff:192.168.137.72 - - [05/Jul/2024:12:31:21 +0000] "GET /api/v1/images/5.jpg-1720096053296-947550271.jpg HTTP/1.1" 404 49 "http://localhost:5173/" "Mozilla/5.0 (X11; Linux x86_64) AppleWebKit/537.36 (KHTML, like Gecko) Chrome/124.0.0.0 Safari/537.36"
::ffff:192.168.137.72 - - [05/Jul/2024:12:31:21 +0000] "GET /api/v1/admin/services?trash=true HTTP/1.1" 304 - "http://localhost:5173/" "Mozilla/5.0 (X11; Linux x86_64) AppleWebKit/537.36 (KHTML, like Gecko) Chrome/124.0.0.0 Safari/537.36"
::ffff:192.168.137.72 - - [05/Jul/2024:12:31:24 +0000] "GET /api/v1/images/5.jpg-1720096053296-947550271.jpg HTTP/1.1" 404 49 "http://localhost:5173/" "Mozilla/5.0 (X11; Linux x86_64) AppleWebKit/537.36 (KHTML, like Gecko) Chrome/124.0.0.0 Safari/537.36"
::ffff:192.168.137.72 - - [05/Jul/2024:12:31:24 +0000] "GET /api/v1/admin/services?trash=true HTTP/1.1" 304 - "http://localhost:5173/" "Mozilla/5.0 (X11; Linux x86_64) AppleWebKit/537.36 (KHTML, like Gecko) Chrome/124.0.0.0 Safari/537.36"
::ffff:192.168.137.1 - - [05/Jul/2024:12:31:25 +0000] "GET /api/v1/admin/services?trash=true HTTP/1.1" 304 - "http://192.168.137.72:5173/" "Mozilla/5.0 (Windows NT 10.0; Win64; x64) AppleWebKit/537.36 (KHTML, like Gecko) Chrome/126.0.0.0 Safari/537.36"
::ffff:192.168.137.1 - - [05/Jul/2024:12:31:27 +0000] "GET /api/v1/admin/services?trash=true HTTP/1.1" 304 - "http://192.168.137.72:5173/" "Mozilla/5.0 (Windows NT 10.0; Win64; x64) AppleWebKit/537.36 (KHTML, like Gecko) Chrome/126.0.0.0 Safari/537.36"
::ffff:192.168.137.72 - - [05/Jul/2024:12:31:27 +0000] "GET /api/v1/images/5.jpg-1720096053296-947550271.jpg HTTP/1.1" 404 49 "http://localhost:5173/" "Mozilla/5.0 (X11; Linux x86_64) AppleWebKit/537.36 (KHTML, like Gecko) Chrome/124.0.0.0 Safari/537.36"
::ffff:192.168.137.72 - - [05/Jul/2024:12:31:27 +0000] "GET /api/v1/admin/services?trash=true HTTP/1.1" 304 - "http://localhost:5173/" "Mozilla/5.0 (X11; Linux x86_64) AppleWebKit/537.36 (KHTML, like Gecko) Chrome/124.0.0.0 Safari/537.36"
::1 - - [05/Jul/2024:12:31:28 +0000] "GET /api/v1/admin/services?trash=true HTTP/1.1" 200 282 "-" "PostmanRuntime/7.39.1"
::ffff:192.168.137.1 - - [05/Jul/2024:12:31:29 +0000] "GET /api/v1/admin/services?trash=true HTTP/1.1" 304 - "http://192.168.137.72:5173/" "Mozilla/5.0 (Windows NT 10.0; Win64; x64) AppleWebKit/537.36 (KHTML, like Gecko) Chrome/126.0.0.0 Safari/537.36"
::ffff:192.168.137.72 - - [05/Jul/2024:12:31:29 +0000] "GET /api/v1/images/5.jpg-1720096053296-947550271.jpg HTTP/1.1" 404 49 "http://localhost:5173/" "Mozilla/5.0 (X11; Linux x86_64) AppleWebKit/537.36 (KHTML, like Gecko) Chrome/124.0.0.0 Safari/537.36"
::ffff:192.168.137.72 - - [05/Jul/2024:12:31:29 +0000] "GET /api/v1/admin/services?trash=true HTTP/1.1" 304 - "http://localhost:5173/" "Mozilla/5.0 (X11; Linux x86_64) AppleWebKit/537.36 (KHTML, like Gecko) Chrome/124.0.0.0 Safari/537.36"
::ffff:192.168.137.72 - - [05/Jul/2024:12:31:32 +0000] "GET /api/v1/images/5.jpg-1720096053296-947550271.jpg HTTP/1.1" 404 49 "http://localhost:5173/" "Mozilla/5.0 (X11; Linux x86_64) AppleWebKit/537.36 (KHTML, like Gecko) Chrome/124.0.0.0 Safari/537.36"
::ffff:192.168.137.72 - - [05/Jul/2024:12:31:32 +0000] "GET /api/v1/admin/services?trash=true HTTP/1.1" 304 - "http://localhost:5173/" "Mozilla/5.0 (X11; Linux x86_64) AppleWebKit/537.36 (KHTML, like Gecko) Chrome/124.0.0.0 Safari/537.36"
::ffff:192.168.137.1 - - [05/Jul/2024:12:31:32 +0000] "GET /api/v1/admin/services?trash=true HTTP/1.1" 304 - "http://192.168.137.72:5173/" "Mozilla/5.0 (Windows NT 10.0; Win64; x64) AppleWebKit/537.36 (KHTML, like Gecko) Chrome/126.0.0.0 Safari/537.36"
::ffff:192.168.137.1 - - [05/Jul/2024:12:31:57 +0000] "GET /api/v1/admin/services?trash=true HTTP/1.1" 304 - "http://192.168.137.72:5173/" "Mozilla/5.0 (Windows NT 10.0; Win64; x64) AppleWebKit/537.36 (KHTML, like Gecko) Chrome/126.0.0.0 Safari/537.36"
::ffff:192.168.137.72 - - [05/Jul/2024:12:31:57 +0000] "GET /api/v1/images/5.jpg-1720096053296-947550271.jpg HTTP/1.1" 404 49 "http://localhost:5173/" "Mozilla/5.0 (X11; Linux x86_64) AppleWebKit/537.36 (KHTML, like Gecko) Chrome/124.0.0.0 Safari/537.36"
::ffff:192.168.137.72 - - [05/Jul/2024:12:31:57 +0000] "GET /api/v1/admin/services?trash=true HTTP/1.1" 304 - "http://localhost:5173/" "Mozilla/5.0 (X11; Linux x86_64) AppleWebKit/537.36 (KHTML, like Gecko) Chrome/124.0.0.0 Safari/537.36"
::ffff:192.168.137.1 - - [05/Jul/2024:12:32:06 +0000] "GET /api/v1/admin/services?trash=true HTTP/1.1" 304 - "http://192.168.137.72:5173/" "Mozilla/5.0 (Windows NT 10.0; Win64; x64) AppleWebKit/537.36 (KHTML, like Gecko) Chrome/126.0.0.0 Safari/537.36"
::ffff:192.168.137.72 - - [05/Jul/2024:12:32:06 +0000] "GET /api/v1/images/5.jpg-1720096053296-947550271.jpg HTTP/1.1" 404 49 "http://localhost:5173/" "Mozilla/5.0 (X11; Linux x86_64) AppleWebKit/537.36 (KHTML, like Gecko) Chrome/124.0.0.0 Safari/537.36"
::ffff:192.168.137.72 - - [05/Jul/2024:12:32:06 +0000] "GET /api/v1/admin/services?trash=true HTTP/1.1" 304 - "http://localhost:5173/" "Mozilla/5.0 (X11; Linux x86_64) AppleWebKit/537.36 (KHTML, like Gecko) Chrome/124.0.0.0 Safari/537.36"
::ffff:192.168.137.1 - - [05/Jul/2024:12:32:14 +0000] "GET /api/v1/admin/services?trash=true HTTP/1.1" 304 - "http://192.168.137.72:5173/" "Mozilla/5.0 (Windows NT 10.0; Win64; x64) AppleWebKit/537.36 (KHTML, like Gecko) Chrome/126.0.0.0 Safari/537.36"
::ffff:192.168.137.72 - - [05/Jul/2024:12:32:14 +0000] "GET /api/v1/images/5.jpg-1720096053296-947550271.jpg HTTP/1.1" 404 49 "http://localhost:5173/" "Mozilla/5.0 (X11; Linux x86_64) AppleWebKit/537.36 (KHTML, like Gecko) Chrome/124.0.0.0 Safari/537.36"
::ffff:192.168.137.72 - - [05/Jul/2024:12:32:14 +0000] "GET /api/v1/admin/services?trash=true HTTP/1.1" 304 - "http://localhost:5173/" "Mozilla/5.0 (X11; Linux x86_64) AppleWebKit/537.36 (KHTML, like Gecko) Chrome/124.0.0.0 Safari/537.36"
::ffff:192.168.137.1 - - [05/Jul/2024:12:32:17 +0000] "GET /api/v1/admin/services?trash=false HTTP/1.1" 304 - "http://192.168.137.72:5173/" "Mozilla/5.0 (Windows NT 10.0; Win64; x64) AppleWebKit/537.36 (KHTML, like Gecko) Chrome/126.0.0.0 Safari/537.36"
::ffff:192.168.137.1 - - [05/Jul/2024:12:32:23 +0000] "GET /api/v1/admin/services?trash=false HTTP/1.1" 304 - "http://192.168.137.72:5173/" "Mozilla/5.0 (Windows NT 10.0; Win64; x64) AppleWebKit/537.36 (KHTML, like Gecko) Chrome/126.0.0.0 Safari/537.36"
::ffff:192.168.137.72 - - [05/Jul/2024:12:32:25 +0000] "GET /api/v1/images/5.jpg-1720096053296-947550271.jpg HTTP/1.1" 404 49 "http://localhost:5173/" "Mozilla/5.0 (X11; Linux x86_64) AppleWebKit/537.36 (KHTML, like Gecko) Chrome/124.0.0.0 Safari/537.36"
::ffff:192.168.137.72 - - [05/Jul/2024:12:32:25 +0000] "GET /api/v1/admin/services?trash=true HTTP/1.1" 304 - "http://localhost:5173/" "Mozilla/5.0 (X11; Linux x86_64) AppleWebKit/537.36 (KHTML, like Gecko) Chrome/124.0.0.0 Safari/537.36"
::ffff:192.168.137.1 - - [05/Jul/2024:12:32:28 +0000] "GET /api/v1/admin/services?trash=true HTTP/1.1" 304 - "http://192.168.137.72:5173/" "Mozilla/5.0 (Windows NT 10.0; Win64; x64) AppleWebKit/537.36 (KHTML, like Gecko) Chrome/126.0.0.0 Safari/537.36"
::ffff:192.168.137.1 - - [05/Jul/2024:12:32:32 +0000] "GET /api/v1/admin/services?trash=false HTTP/1.1" 304 - "http://192.168.137.72:5173/" "Mozilla/5.0 (Windows NT 10.0; Win64; x64) AppleWebKit/537.36 (KHTML, like Gecko) Chrome/126.0.0.0 Safari/537.36"
::ffff:192.168.137.1 - - [05/Jul/2024:12:32:33 +0000] "GET /api/v1/admin/services?trash=false HTTP/1.1" 304 - "http://192.168.137.72:5173/" "Mozilla/5.0 (Windows NT 10.0; Win64; x64) AppleWebKit/537.36 (KHTML, like Gecko) Chrome/126.0.0.0 Safari/537.36"
::ffff:192.168.137.72 - - [05/Jul/2024:12:32:34 +0000] "GET /api/v1/images/5.jpg-1720096053296-947550271.jpg HTTP/1.1" 404 49 "http://localhost:5173/" "Mozilla/5.0 (X11; Linux x86_64) AppleWebKit/537.36 (KHTML, like Gecko) Chrome/124.0.0.0 Safari/537.36"
::ffff:192.168.137.72 - - [05/Jul/2024:12:32:35 +0000] "GET /api/v1/admin/services?trash=true HTTP/1.1" 304 - "http://localhost:5173/" "Mozilla/5.0 (X11; Linux x86_64) AppleWebKit/537.36 (KHTML, like Gecko) Chrome/124.0.0.0 Safari/537.36"
::ffff:192.168.137.1 - - [05/Jul/2024:12:32:35 +0000] "GET /api/v1/admin/services?trash=false HTTP/1.1" 304 - "http://192.168.137.72:5173/" "Mozilla/5.0 (Windows NT 10.0; Win64; x64) AppleWebKit/537.36 (KHTML, like Gecko) Chrome/126.0.0.0 Safari/537.36"
::ffff:192.168.137.72 - - [05/Jul/2024:12:32:36 +0000] "GET /api/v1/admin/services?trash=true HTTP/1.1" 304 - "http://localhost:5173/" "Mozilla/5.0 (X11; Linux x86_64) AppleWebKit/537.36 (KHTML, like Gecko) Chrome/124.0.0.0 Safari/537.36"
::ffff:192.168.137.72 - - [05/Jul/2024:12:32:36 +0000] "GET /api/v1/images/5.jpg-1720096053296-947550271.jpg HTTP/1.1" 404 49 "http://localhost:5173/" "Mozilla/5.0 (X11; Linux x86_64) AppleWebKit/537.36 (KHTML, like Gecko) Chrome/124.0.0.0 Safari/537.36"
::ffff:192.168.137.1 - - [05/Jul/2024:12:32:38 +0000] "GET /api/v1/admin/services?trash=true HTTP/1.1" 304 - "http://192.168.137.72:5173/" "Mozilla/5.0 (Windows NT 10.0; Win64; x64) AppleWebKit/537.36 (KHTML, like Gecko) Chrome/126.0.0.0 Safari/537.36"
::ffff:192.168.137.1 - - [05/Jul/2024:12:32:48 +0000] "PATCH /api/v1/admin/services/backup/9bd29068-b13a-493d-9416-373afefa9ad6 HTTP/1.1" 200 66 "http://192.168.137.72:5173/" "Mozilla/5.0 (Windows NT 10.0; Win64; x64) AppleWebKit/537.36 (KHTML, like Gecko) Chrome/126.0.0.0 Safari/537.36"
::ffff:192.168.137.1 - - [05/Jul/2024:12:32:48 +0000] "GET /api/v1/admin/services?trash=true HTTP/1.1" 200 26 "http://192.168.137.72:5173/" "Mozilla/5.0 (Windows NT 10.0; Win64; x64) AppleWebKit/537.36 (KHTML, like Gecko) Chrome/126.0.0.0 Safari/537.36"
::ffff:192.168.137.1 - - [05/Jul/2024:12:32:50 +0000] "GET /api/v1/admin/services?trash=false HTTP/1.1" 200 5420 "http://192.168.137.72:5173/" "Mozilla/5.0 (Windows NT 10.0; Win64; x64) AppleWebKit/537.36 (KHTML, like Gecko) Chrome/126.0.0.0 Safari/537.36"
::ffff:192.168.137.1 - - [05/Jul/2024:12:32:51 +0000] "GET /api/v1/admin/services?trash=false HTTP/1.1" 304 - "http://192.168.137.72:5173/" "Mozilla/5.0 (Windows NT 10.0; Win64; x64) AppleWebKit/537.36 (KHTML, like Gecko) Chrome/126.0.0.0 Safari/537.36"
::ffff:192.168.137.72 - - [05/Jul/2024:12:32:52 +0000] "GET /api/v1/images/5.jpg-1720096053296-947550271.jpg HTTP/1.1" 404 49 "http://localhost:5173/" "Mozilla/5.0 (X11; Linux x86_64) AppleWebKit/537.36 (KHTML, like Gecko) Chrome/124.0.0.0 Safari/537.36"
::ffff:192.168.137.72 - - [05/Jul/2024:12:32:52 +0000] "GET /api/v1/admin/services?trash=true HTTP/1.1" 200 26 "http://localhost:5173/" "Mozilla/5.0 (X11; Linux x86_64) AppleWebKit/537.36 (KHTML, like Gecko) Chrome/124.0.0.0 Safari/537.36"
::ffff:192.168.137.1 - - [05/Jul/2024:12:32:53 +0000] "GET /api/v1/admin/services?trash=false HTTP/1.1" 304 - "http://192.168.137.72:5173/" "Mozilla/5.0 (Windows NT 10.0; Win64; x64) AppleWebKit/537.36 (KHTML, like Gecko) Chrome/126.0.0.0 Safari/537.36"
::ffff:192.168.137.72 - - [05/Jul/2024:12:32:55 +0000] "GET /api/v1/images/5.jpg-1720096053296-947550271.jpg HTTP/1.1" 404 49 "http://localhost:5173/" "Mozilla/5.0 (X11; Linux x86_64) AppleWebKit/537.36 (KHTML, like Gecko) Chrome/124.0.0.0 Safari/537.36"
::ffff:192.168.137.72 - - [05/Jul/2024:12:32:55 +0000] "GET /api/v1/admin/services?trash=true HTTP/1.1" 304 - "http://localhost:5173/" "Mozilla/5.0 (X11; Linux x86_64) AppleWebKit/537.36 (KHTML, like Gecko) Chrome/124.0.0.0 Safari/537.36"
::ffff:192.168.137.1 - - [05/Jul/2024:12:33:14 +0000] "DELETE /api/v1/admin/services/9bd29068-b13a-493d-9416-373afefa9ad6 HTTP/1.1" 200 59 "http://192.168.137.72:5173/" "Mozilla/5.0 (Windows NT 10.0; Win64; x64) AppleWebKit/537.36 (KHTML, like Gecko) Chrome/126.0.0.0 Safari/537.36"
::ffff:192.168.137.1 - - [05/Jul/2024:12:33:14 +0000] "GET /api/v1/admin/services?trash=false HTTP/1.1" 200 5162 "http://192.168.137.72:5173/" "Mozilla/5.0 (Windows NT 10.0; Win64; x64) AppleWebKit/537.36 (KHTML, like Gecko) Chrome/126.0.0.0 Safari/537.36"
::ffff:192.168.137.1 - - [05/Jul/2024:12:33:18 +0000] "GET /api/v1/admin/services?trash=false HTTP/1.1" 304 - "http://192.168.137.72:5173/" "Mozilla/5.0 (Windows NT 10.0; Win64; x64) AppleWebKit/537.36 (KHTML, like Gecko) Chrome/126.0.0.0 Safari/537.36"
::ffff:192.168.137.72 - - [05/Jul/2024:12:33:19 +0000] "GET /api/v1/images/5.jpg-1720096053296-947550271.jpg HTTP/1.1" 404 49 "http://localhost:5173/" "Mozilla/5.0 (X11; Linux x86_64) AppleWebKit/537.36 (KHTML, like Gecko) Chrome/124.0.0.0 Safari/537.36"
::ffff:192.168.137.72 - - [05/Jul/2024:12:33:19 +0000] "GET /api/v1/admin/services?trash=true HTTP/1.1" 200 282 "http://localhost:5173/" "Mozilla/5.0 (X11; Linux x86_64) AppleWebKit/537.36 (KHTML, like Gecko) Chrome/124.0.0.0 Safari/537.36"
::ffff:192.168.137.1 - - [05/Jul/2024:12:33:27 +0000] "GET /api/v1/admin/services?trash=false HTTP/1.1" 304 - "http://192.168.137.72:5173/" "Mozilla/5.0 (Windows NT 10.0; Win64; x64) AppleWebKit/537.36 (KHTML, like Gecko) Chrome/126.0.0.0 Safari/537.36"
::ffff:192.168.137.72 - - [05/Jul/2024:12:33:28 +0000] "GET /api/v1/images/5.jpg-1720096053296-947550271.jpg HTTP/1.1" 404 49 "http://localhost:5173/" "Mozilla/5.0 (X11; Linux x86_64) AppleWebKit/537.36 (KHTML, like Gecko) Chrome/124.0.0.0 Safari/537.36"
::ffff:192.168.137.72 - - [05/Jul/2024:12:33:28 +0000] "GET /api/v1/admin/services?trash=true HTTP/1.1" 304 - "http://localhost:5173/" "Mozilla/5.0 (X11; Linux x86_64) AppleWebKit/537.36 (KHTML, like Gecko) Chrome/124.0.0.0 Safari/537.36"
::ffff:192.168.137.1 - - [05/Jul/2024:12:33:29 +0000] "GET /api/v1/admin/services?trash=true HTTP/1.1" 200 282 "http://192.168.137.72:5173/" "Mozilla/5.0 (Windows NT 10.0; Win64; x64) AppleWebKit/537.36 (KHTML, like Gecko) Chrome/126.0.0.0 Safari/537.36"
::ffff:192.168.137.72 - - [05/Jul/2024:12:34:53 +0000] "PATCH /api/v1/admin/services/backup/9bd29068-b13a-493d-9416-373afefa9ad6 HTTP/1.1" 200 66 "http://localhost:5173/" "Mozilla/5.0 (X11; Linux x86_64) AppleWebKit/537.36 (KHTML, like Gecko) Chrome/124.0.0.0 Safari/537.36"
::ffff:192.168.137.72 - - [05/Jul/2024:12:34:53 +0000] "GET /api/v1/admin/services?trash=true HTTP/1.1" 200 26 "http://localhost:5173/" "Mozilla/5.0 (X11; Linux x86_64) AppleWebKit/537.36 (KHTML, like Gecko) Chrome/124.0.0.0 Safari/537.36"
::ffff:192.168.137.72 - - [05/Jul/2024:12:34:59 +0000] "GET /api/v1/admin/services?trash=false HTTP/1.1" 200 5420 "http://localhost:5173/" "Mozilla/5.0 (X11; Linux x86_64) AppleWebKit/537.36 (KHTML, like Gecko) Chrome/124.0.0.0 Safari/537.36"
::ffff:192.168.137.72 - - [05/Jul/2024:12:35:04 +0000] "GET /api/v1/admin/services/2bb280ef-4705-4240-8d25-e46f3b039ae0 HTTP/1.1" 304 - "http://localhost:5173/" "Mozilla/5.0 (X11; Linux x86_64) AppleWebKit/537.36 (KHTML, like Gecko) Chrome/124.0.0.0 Safari/537.36"
::ffff:192.168.137.1 - - [05/Jul/2024:12:35:48 +0000] "GET /api/v1/admin/services?trash=true HTTP/1.1" 200 26 "http://192.168.137.72:5173/" "Mozilla/5.0 (Windows NT 10.0; Win64; x64) AppleWebKit/537.36 (KHTML, like Gecko) Chrome/126.0.0.0 Safari/537.36"
::ffff:192.168.137.1 - - [05/Jul/2024:12:37:23 +0000] "GET /api/v1/admin/services?trash=true HTTP/1.1" 304 - "http://192.168.137.72:5173/" "Mozilla/5.0 (Windows NT 10.0; Win64; x64) AppleWebKit/537.36 (KHTML, like Gecko) Chrome/126.0.0.0 Safari/537.36"
::ffff:192.168.137.72 - - [05/Jul/2024:12:37:43 +0000] "GET /api/v1/images/5.jpg-1720096053296-947550271.jpg HTTP/1.1" 404 49 "http://localhost:5173/" "Mozilla/5.0 (X11; Linux x86_64) AppleWebKit/537.36 (KHTML, like Gecko) Chrome/124.0.0.0 Safari/537.36"
::ffff:192.168.137.72 - - [05/Jul/2024:12:37:43 +0000] "GET /api/v1/admin/services/2bb280ef-4705-4240-8d25-e46f3b039ae0 HTTP/1.1" 304 - "http://localhost:5173/" "Mozilla/5.0 (X11; Linux x86_64) AppleWebKit/537.36 (KHTML, like Gecko) Chrome/124.0.0.0 Safari/537.36"
::ffff:192.168.137.72 - - [05/Jul/2024:12:37:46 +0000] "GET /api/v1/admin/services?trash=false HTTP/1.1" 304 - "http://localhost:5173/" "Mozilla/5.0 (X11; Linux x86_64) AppleWebKit/537.36 (KHTML, like Gecko) Chrome/124.0.0.0 Safari/537.36"
::ffff:192.168.137.72 - - [05/Jul/2024:12:37:50 +0000] "GET /api/v1/admin/services/00312e4e-42ca-40f5-8fc5-05257633e465 HTTP/1.1" 200 1080 "http://localhost:5173/" "Mozilla/5.0 (X11; Linux x86_64) AppleWebKit/537.36 (KHTML, like Gecko) Chrome/124.0.0.0 Safari/537.36"
::ffff:192.168.137.72 - - [05/Jul/2024:12:37:55 +0000] "GET /api/v1/admin/services?trash=false HTTP/1.1" 304 - "http://localhost:5173/" "Mozilla/5.0 (X11; Linux x86_64) AppleWebKit/537.36 (KHTML, like Gecko) Chrome/124.0.0.0 Safari/537.36"
::ffff:192.168.137.72 - - [05/Jul/2024:12:37:58 +0000] "GET /api/v1/admin/testimonials HTTP/1.1" 304 - "http://localhost:5173/" "Mozilla/5.0 (X11; Linux x86_64) AppleWebKit/537.36 (KHTML, like Gecko) Chrome/124.0.0.0 Safari/537.36"
::ffff:192.168.137.72 - - [05/Jul/2024:12:38:00 +0000] "GET /api/v1/admin/testimonials?trash=true HTTP/1.1" 200 1109 "http://localhost:5173/" "Mozilla/5.0 (X11; Linux x86_64) AppleWebKit/537.36 (KHTML, like Gecko) Chrome/124.0.0.0 Safari/537.36"
::ffff:192.168.137.1 - - [05/Jul/2024:12:38:38 +0000] "GET /api/v1/admin/services?trash=true HTTP/1.1" 304 - "http://192.168.137.72:5173/" "Mozilla/5.0 (Windows NT 10.0; Win64; x64) AppleWebKit/537.36 (KHTML, like Gecko) Chrome/126.0.0.0 Safari/537.36"
::ffff:192.168.137.72 - - [05/Jul/2024:12:38:38 +0000] "GET /api/v1/images/5.jpg-1720096053296-947550271.jpg HTTP/1.1" 404 49 "http://localhost:5173/" "Mozilla/5.0 (X11; Linux x86_64) AppleWebKit/537.36 (KHTML, like Gecko) Chrome/124.0.0.0 Safari/537.36"
::ffff:192.168.137.72 - - [05/Jul/2024:12:38:38 +0000] "GET /api/v1/admin/testimonials?trash=true HTTP/1.1" 304 - "http://localhost:5173/" "Mozilla/5.0 (X11; Linux x86_64) AppleWebKit/537.36 (KHTML, like Gecko) Chrome/124.0.0.0 Safari/537.36"
::ffff:192.168.137.1 - - [05/Jul/2024:12:38:39 +0000] "GET /api/v1/admin/services?trash=true HTTP/1.1" 304 - "http://192.168.137.72:5173/" "Mozilla/5.0 (Windows NT 10.0; Win64; x64) AppleWebKit/537.36 (KHTML, like Gecko) Chrome/126.0.0.0 Safari/537.36"
::ffff:192.168.137.72 - - [05/Jul/2024:12:38:40 +0000] "GET /api/v1/images/5.jpg-1720096053296-947550271.jpg HTTP/1.1" 404 49 "http://localhost:5173/" "Mozilla/5.0 (X11; Linux x86_64) AppleWebKit/537.36 (KHTML, like Gecko) Chrome/124.0.0.0 Safari/537.36"
::ffff:192.168.137.72 - - [05/Jul/2024:12:38:40 +0000] "GET /api/v1/admin/testimonials?trash=true HTTP/1.1" 304 - "http://localhost:5173/" "Mozilla/5.0 (X11; Linux x86_64) AppleWebKit/537.36 (KHTML, like Gecko) Chrome/124.0.0.0 Safari/537.36"
::ffff:192.168.137.72 - - [05/Jul/2024:12:38:45 +0000] "GET /api/v1/admin/services?trash=false HTTP/1.1" 304 - "http://localhost:5173/" "Mozilla/5.0 (X11; Linux x86_64) AppleWebKit/537.36 (KHTML, like Gecko) Chrome/124.0.0.0 Safari/537.36"
::ffff:192.168.137.72 - - [05/Jul/2024:12:38:49 +0000] "GET /api/v1/admin/services/00312e4e-42ca-40f5-8fc5-05257633e465 HTTP/1.1" 304 - "http://localhost:5173/" "Mozilla/5.0 (X11; Linux x86_64) AppleWebKit/537.36 (KHTML, like Gecko) Chrome/124.0.0.0 Safari/537.36"
::ffff:192.168.137.72 - - [05/Jul/2024:12:38:57 +0000] "GET /api/v1/admin/services?trash=false HTTP/1.1" 304 - "http://localhost:5173/" "Mozilla/5.0 (X11; Linux x86_64) AppleWebKit/537.36 (KHTML, like Gecko) Chrome/124.0.0.0 Safari/537.36"
::ffff:192.168.137.72 - - [05/Jul/2024:12:39:00 +0000] "GET /api/v1/admin/services/2bb280ef-4705-4240-8d25-e46f3b039ae0 HTTP/1.1" 304 - "http://localhost:5173/" "Mozilla/5.0 (X11; Linux x86_64) AppleWebKit/537.36 (KHTML, like Gecko) Chrome/124.0.0.0 Safari/537.36"
::ffff:192.168.137.1 - - [05/Jul/2024:12:39:05 +0000] "GET /api/v1/admin/services?trash=true HTTP/1.1" 304 - "http://192.168.137.72:5173/" "Mozilla/5.0 (Windows NT 10.0; Win64; x64) AppleWebKit/537.36 (KHTML, like Gecko) Chrome/126.0.0.0 Safari/537.36"
::ffff:192.168.137.1 - - [05/Jul/2024:12:39:09 +0000] "GET /api/v1/admin/services?trash=false HTTP/1.1" 200 5420 "http://192.168.137.72:5173/" "Mozilla/5.0 (Windows NT 10.0; Win64; x64) AppleWebKit/537.36 (KHTML, like Gecko) Chrome/126.0.0.0 Safari/537.36"
::ffff:192.168.137.1 - - [05/Jul/2024:12:39:16 +0000] "DELETE /api/v1/admin/services/9bd29068-b13a-493d-9416-373afefa9ad6 HTTP/1.1" 200 59 "http://192.168.137.72:5173/" "Mozilla/5.0 (Windows NT 10.0; Win64; x64) AppleWebKit/537.36 (KHTML, like Gecko) Chrome/126.0.0.0 Safari/537.36"
::ffff:192.168.137.1 - - [05/Jul/2024:12:39:16 +0000] "GET /api/v1/admin/services?trash=false HTTP/1.1" 200 5162 "http://192.168.137.72:5173/" "Mozilla/5.0 (Windows NT 10.0; Win64; x64) AppleWebKit/537.36 (KHTML, like Gecko) Chrome/126.0.0.0 Safari/537.36"
::ffff:192.168.137.1 - - [05/Jul/2024:12:40:32 +0000] "GET /api/v1/admin/services?trash=false HTTP/1.1" 304 - "http://192.168.137.72:5173/" "Mozilla/5.0 (Windows NT 10.0; Win64; x64) AppleWebKit/537.36 (KHTML, like Gecko) Chrome/126.0.0.0 Safari/537.36"
::ffff:192.168.137.1 - - [05/Jul/2024:12:41:16 +0000] "GET /api/v1/admin/services?trash=false HTTP/1.1" 304 - "http://192.168.137.72:5173/" "Mozilla/5.0 (Windows NT 10.0; Win64; x64) AppleWebKit/537.36 (KHTML, like Gecko) Chrome/126.0.0.0 Safari/537.36"
::ffff:192.168.137.72 - - [05/Jul/2024:12:41:33 +0000] "GET /api/v1/images/5.jpg-1720096053296-947550271.jpg HTTP/1.1" 404 49 "http://localhost:5173/" "Mozilla/5.0 (Linux; Android) AppleWebKit/537.36 (KHTML, like Gecko) Chrome/88.0.4324.109 Safari/537.36 CrKey/1.54.248666"
::ffff:192.168.137.72 - - [05/Jul/2024:12:41:33 +0000] "GET /api/v1/admin/testimonials HTTP/1.1" 200 1494 "http://localhost:5173/" "Mozilla/5.0 (Linux; Android) AppleWebKit/537.36 (KHTML, like Gecko) Chrome/88.0.4324.109 Safari/537.36 CrKey/1.54.248666"
::ffff:192.168.137.72 - - [05/Jul/2024:12:41:35 +0000] "GET /api/v1/admin/services?trash=false HTTP/1.1" 200 5162 "http://localhost:5173/" "Mozilla/5.0 (Linux; Android) AppleWebKit/537.36 (KHTML, like Gecko) Chrome/88.0.4324.109 Safari/537.36 CrKey/1.54.248666"
::ffff:192.168.137.1 - - [05/Jul/2024:12:41:36 +0000] "GET /api/v1/admin/services?trash=false HTTP/1.1" 304 - "http://192.168.137.72:5173/" "Mozilla/5.0 (Windows NT 10.0; Win64; x64) AppleWebKit/537.36 (KHTML, like Gecko) Chrome/126.0.0.0 Safari/537.36"
::ffff:192.168.137.72 - - [05/Jul/2024:12:41:40 +0000] "GET /api/v1/admin/services/2bb280ef-4705-4240-8d25-e46f3b039ae0 HTTP/1.1" 200 2788 "http://localhost:5173/" "Mozilla/5.0 (Linux; Android) AppleWebKit/537.36 (KHTML, like Gecko) Chrome/88.0.4324.109 Safari/537.36 CrKey/1.54.248666"
::ffff:192.168.137.1 - - [05/Jul/2024:12:41:50 +0000] "GET /api/v1/admin/services/trashed HTTP/1.1" 404 44 "http://192.168.137.72:5173/" "Mozilla/5.0 (Windows NT 10.0; Win64; x64) AppleWebKit/537.36 (KHTML, like Gecko) Chrome/126.0.0.0 Safari/537.36"
::ffff:192.168.137.1 - - [05/Jul/2024:12:42:39 +0000] "GET /api/v1/admin/contact-address HTTP/1.1" 304 - "http://192.168.137.72:5173/" "Mozilla/5.0 (Windows NT 10.0; Win64; x64) AppleWebKit/537.36 (KHTML, like Gecko) Chrome/126.0.0.0 Safari/537.36"
::ffff:192.168.137.1 - - [05/Jul/2024:12:42:39 +0000] "GET /api/v1/admin/social-medias HTTP/1.1" 304 - "http://192.168.137.72:5173/" "Mozilla/5.0 (Windows NT 10.0; Win64; x64) AppleWebKit/537.36 (KHTML, like Gecko) Chrome/126.0.0.0 Safari/537.36"
::ffff:192.168.137.1 - - [05/Jul/2024:12:42:39 +0000] "GET /api/v1/admin/services?trash=false HTTP/1.1" 304 - "http://192.168.137.72:5173/" "Mozilla/5.0 (Windows NT 10.0; Win64; x64) AppleWebKit/537.36 (KHTML, like Gecko) Chrome/126.0.0.0 Safari/537.36"
::ffff:192.168.137.1 - - [05/Jul/2024:12:42:39 +0000] "GET /api/v1/admin/news HTTP/1.1" 304 - "http://192.168.137.72:5173/" "Mozilla/5.0 (Windows NT 10.0; Win64; x64) AppleWebKit/537.36 (KHTML, like Gecko) Chrome/126.0.0.0 Safari/537.36"
::ffff:192.168.137.1 - - [05/Jul/2024:12:42:39 +0000] "GET /api/v1/admin/testimonials HTTP/1.1" 304 - "http://192.168.137.72:5173/" "Mozilla/5.0 (Windows NT 10.0; Win64; x64) AppleWebKit/537.36 (KHTML, like Gecko) Chrome/126.0.0.0 Safari/537.36"
::ffff:192.168.137.1 - - [05/Jul/2024:12:42:39 +0000] "GET /api/v1/users/partners HTTP/1.1" 304 - "http://192.168.137.72:5173/" "Mozilla/5.0 (Windows NT 10.0; Win64; x64) AppleWebKit/537.36 (KHTML, like Gecko) Chrome/126.0.0.0 Safari/537.36"
::ffff:192.168.137.1 - - [05/Jul/2024:12:42:39 +0000] "GET /api/v1/users/home HTTP/1.1" 304 - "http://192.168.137.72:5173/" "Mozilla/5.0 (Windows NT 10.0; Win64; x64) AppleWebKit/537.36 (KHTML, like Gecko) Chrome/126.0.0.0 Safari/537.36"
::ffff:192.168.137.1 - - [05/Jul/2024:12:42:39 +0000] "GET /api/v1/admin/services?trash=false HTTP/1.1" 304 - "http://192.168.137.72:5173/" "Mozilla/5.0 (Windows NT 10.0; Win64; x64) AppleWebKit/537.36 (KHTML, like Gecko) Chrome/126.0.0.0 Safari/537.36"
::ffff:192.168.137.1 - - [05/Jul/2024:12:42:39 +0000] "GET /api/v1/admin/statistics HTTP/1.1" 304 - "http://192.168.137.72:5173/" "Mozilla/5.0 (Windows NT 10.0; Win64; x64) AppleWebKit/537.36 (KHTML, like Gecko) Chrome/126.0.0.0 Safari/537.36"
::ffff:192.168.137.1 - - [05/Jul/2024:12:42:39 +0000] "GET /api/v1/admin/products HTTP/1.1" 304 - "http://192.168.137.72:5173/" "Mozilla/5.0 (Windows NT 10.0; Win64; x64) AppleWebKit/537.36 (KHTML, like Gecko) Chrome/126.0.0.0 Safari/537.36"
::ffff:192.168.137.1 - - [05/Jul/2024:12:42:39 +0000] "GET /api/v1/admin/contact-address HTTP/1.1" 304 - "http://192.168.137.72:5173/" "Mozilla/5.0 (Windows NT 10.0; Win64; x64) AppleWebKit/537.36 (KHTML, like Gecko) Chrome/126.0.0.0 Safari/537.36"
::ffff:192.168.137.1 - - [05/Jul/2024:12:42:39 +0000] "GET /api/v1/admin/social-medias HTTP/1.1" 304 - "http://192.168.137.72:5173/" "Mozilla/5.0 (Windows NT 10.0; Win64; x64) AppleWebKit/537.36 (KHTML, like Gecko) Chrome/126.0.0.0 Safari/537.36"
::ffff:192.168.137.1 - - [05/Jul/2024:12:42:39 +0000] "GET /api/v1/admin/services?trash=false HTTP/1.1" 304 - "http://192.168.137.72:5173/" "Mozilla/5.0 (Windows NT 10.0; Win64; x64) AppleWebKit/537.36 (KHTML, like Gecko) Chrome/126.0.0.0 Safari/537.36"
::ffff:192.168.137.72 - - [05/Jul/2024:12:42:45 +0000] "GET /api/v1/images/5.jpg-1720096053296-947550271.jpg HTTP/1.1" 404 49 "http://localhost:5173/" "Mozilla/5.0 (Linux; Android) AppleWebKit/537.36 (KHTML, like Gecko) Chrome/88.0.4324.109 Safari/537.36 CrKey/1.54.248666"
