::ffff:192.168.137.72 - - [05/Jul/2024:12:42:45 +0000] "GET /api/v1/admin/services/2bb280ef-4705-4240-8d25-e46f3b039ae0 HTTP/1.1" 200 2788 "http://localhost:5173/" "Mozilla/5.0 (Linux; Android) AppleWebKit/537.36 (KHTML, like Gecko) Chrome/88.0.4324.109 Safari/537.36 CrKey/1.54.248666"
::ffff:192.168.137.1 - - [05/Jul/2024:12:42:46 +0000] "GET /api/v1/users/aboutus HTTP/1.1" 304 - "http://192.168.137.72:5173/" "Mozilla/5.0 (Windows NT 10.0; Win64; x64) AppleWebKit/537.36 (KHTML, like Gecko) Chrome/126.0.0.0 Safari/537.36"
::ffff:192.168.137.1 - - [05/Jul/2024:12:42:46 +0000] "GET /api/v1/admin/contact-address HTTP/1.1" 304 - "http://192.168.137.72:5173/" "Mozilla/5.0 (Windows NT 10.0; Win64; x64) AppleWebKit/537.36 (KHTML, like Gecko) Chrome/126.0.0.0 Safari/537.36"
::ffff:192.168.137.1 - - [05/Jul/2024:12:42:49 +0000] "GET /api/v1/admin/services?trash=false HTTP/1.1" 304 - "http://192.168.137.72:5173/" "Mozilla/5.0 (Windows NT 10.0; Win64; x64) AppleWebKit/537.36 (KHTML, like Gecko) Chrome/126.0.0.0 Safari/537.36"
::ffff:192.168.137.72 - - [05/Jul/2024:12:42:52 +0000] "GET /api/v1/admin/services?trash=false HTTP/1.1" 200 5162 "http://localhost:5173/" "Mozilla/5.0 (Linux; Android) AppleWebKit/537.36 (KHTML, like Gecko) Chrome/88.0.4324.109 Safari/537.36 CrKey/1.54.248666"
::ffff:192.168.137.1 - - [05/Jul/2024:12:42:55 +0000] "GET /api/v1/admin/services?trash=true HTTP/1.1" 200 282 "http://192.168.137.72:5173/" "Mozilla/5.0 (Windows NT 10.0; Win64; x64) AppleWebKit/537.36 (KHTML, like Gecko) Chrome/126.0.0.0 Safari/537.36"
::ffff:192.168.137.72 - - [05/Jul/2024:12:42:57 +0000] "GET /api/v1/admin/services/2bb280ef-4705-4240-8d25-e46f3b039ae0 HTTP/1.1" 200 2788 "http://localhost:5173/" "Mozilla/5.0 (Linux; Android) AppleWebKit/537.36 (KHTML, like Gecko) Chrome/88.0.4324.109 Safari/537.36 CrKey/1.54.248666"
::ffff:192.168.137.1 - - [05/Jul/2024:12:43:00 +0000] "GET /api/v1/admin/services?trash=false HTTP/1.1" 304 - "http://192.168.137.72:5173/" "Mozilla/5.0 (Windows NT 10.0; Win64; x64) AppleWebKit/537.36 (KHTML, like Gecko) Chrome/126.0.0.0 Safari/537.36"
::ffff:192.168.137.72 - - [05/Jul/2024:12:43:10 +0000] "GET /api/v1/images/5.jpg-1720096053296-947550271.jpg HTTP/1.1" 404 49 "http://localhost:5173/" "Mozilla/5.0 (Linux; Android) AppleWebKit/537.36 (KHTML, like Gecko) Chrome/88.0.4324.109 Safari/537.36 CrKey/1.54.248666"
::ffff:192.168.137.72 - - [05/Jul/2024:12:43:10 +0000] "GET /api/v1/admin/services/2bb280ef-4705-4240-8d25-e46f3b039ae0 HTTP/1.1" 200 2788 "http://localhost:5173/" "Mozilla/5.0 (Linux; Android) AppleWebKit/537.36 (KHTML, like Gecko) Chrome/88.0.4324.109 Safari/537.36 CrKey/1.54.248666"
::ffff:192.168.137.1 - - [05/Jul/2024:12:43:11 +0000] "GET /api/v1/admin/services?trash=true HTTP/1.1" 304 - "http://192.168.137.72:5173/" "Mozilla/5.0 (Windows NT 10.0; Win64; x64) AppleWebKit/537.36 (KHTML, like Gecko) Chrome/126.0.0.0 Safari/537.36"
::ffff:192.168.137.1 - - [05/Jul/2024:12:43:20 +0000] "PATCH /api/v1/admin/services/backup/9bd29068-b13a-493d-9416-373afefa9ad6 HTTP/1.1" 200 66 "http://192.168.137.72:5173/" "Mozilla/5.0 (Windows NT 10.0; Win64; x64) AppleWebKit/537.36 (KHTML, like Gecko) Chrome/126.0.0.0 Safari/537.36"
::ffff:192.168.137.1 - - [05/Jul/2024:12:43:20 +0000] "GET /api/v1/admin/services?trash=true HTTP/1.1" 200 26 "http://192.168.137.72:5173/" "Mozilla/5.0 (Windows NT 10.0; Win64; x64) AppleWebKit/537.36 (KHTML, like Gecko) Chrome/126.0.0.0 Safari/537.36"
::ffff:192.168.137.1 - - [05/Jul/2024:12:43:23 +0000] "GET /api/v1/admin/services?trash=false HTTP/1.1" 200 5420 "http://192.168.137.72:5173/" "Mozilla/5.0 (Windows NT 10.0; Win64; x64) AppleWebKit/537.36 (KHTML, like Gecko) Chrome/126.0.0.0 Safari/537.36"
::ffff:192.168.137.1 - - [05/Jul/2024:12:43:30 +0000] "GET /api/v1/admin/services/9bd29068-b13a-493d-9416-373afefa9ad6 HTTP/1.1" 200 281 "http://192.168.137.72:5173/" "Mozilla/5.0 (Windows NT 10.0; Win64; x64) AppleWebKit/537.36 (KHTML, like Gecko) Chrome/126.0.0.0 Safari/537.36"
::ffff:192.168.137.1 - - [05/Jul/2024:12:43:43 +0000] "POST /api/v1/admin/sub-services/9bd29068-b13a-493d-9416-373afefa9ad6 HTTP/1.1" 201 400 "http://192.168.137.72:5173/" "Mozilla/5.0 (Windows NT 10.0; Win64; x64) AppleWebKit/537.36 (KHTML, like Gecko) Chrome/126.0.0.0 Safari/537.36"
::ffff:192.168.137.1 - - [05/Jul/2024:12:43:43 +0000] "GET /api/v1/admin/services/9bd29068-b13a-493d-9416-373afefa9ad6 HTTP/1.1" 200 613 "http://192.168.137.72:5173/" "Mozilla/5.0 (Windows NT 10.0; Win64; x64) AppleWebKit/537.36 (KHTML, like Gecko) Chrome/126.0.0.0 Safari/537.36"
::ffff:192.168.137.72 - - [05/Jul/2024:12:43:50 +0000] "GET /api/v1/images/5.jpg-1720096053296-947550271.jpg HTTP/1.1" 404 49 "http://localhost:5173/" "Mozilla/5.0 (X11; Linux x86_64) AppleWebKit/537.36 (KHTML, like Gecko) Chrome/124.0.0.0 Safari/537.36"
::ffff:192.168.137.72 - - [05/Jul/2024:12:44:06 +0000] "GET /api/v1/images/5.jpg-1720096053296-947550271.jpg HTTP/1.1" 404 49 "http://localhost:5173/" "Mozilla/5.0 (Linux; Android) AppleWebKit/537.36 (KHTML, like Gecko) Chrome/88.0.4324.109 Safari/537.36 CrKey/1.54.248666"
::ffff:192.168.137.72 - - [05/Jul/2024:12:44:06 +0000] "GET /api/v1/admin/services/2bb280ef-4705-4240-8d25-e46f3b039ae0 HTTP/1.1" 200 2788 "http://localhost:5173/" "Mozilla/5.0 (Linux; Android) AppleWebKit/537.36 (KHTML, like Gecko) Chrome/88.0.4324.109 Safari/537.36 CrKey/1.54.248666"
::ffff:192.168.137.1 - - [05/Jul/2024:12:44:11 +0000] "POST /api/v1/admin/sub-services/9bd29068-b13a-493d-9416-373afefa9ad6 HTTP/1.1" 201 401 "http://192.168.137.72:5173/" "Mozilla/5.0 (Windows NT 10.0; Win64; x64) AppleWebKit/537.36 (KHTML, like Gecko) Chrome/126.0.0.0 Safari/537.36"
::ffff:192.168.137.1 - - [05/Jul/2024:12:44:11 +0000] "GET /api/v1/admin/services/9bd29068-b13a-493d-9416-373afefa9ad6 HTTP/1.1" 200 947 "http://192.168.137.72:5173/" "Mozilla/5.0 (Windows NT 10.0; Win64; x64) AppleWebKit/537.36 (KHTML, like Gecko) Chrome/126.0.0.0 Safari/537.36"
::ffff:192.168.137.1 - - [05/Jul/2024:12:44:18 +0000] "GET /api/v1/admin/services?trash=false HTTP/1.1" 200 6086 "http://192.168.137.72:5173/" "Mozilla/5.0 (Windows NT 10.0; Win64; x64) AppleWebKit/537.36 (KHTML, like Gecko) Chrome/126.0.0.0 Safari/537.36"
::ffff:192.168.137.72 - - [05/Jul/2024:12:45:18 +0000] "GET /api/v1/images/5.jpg-1720096053296-947550271.jpg HTTP/1.1" 404 49 "http://localhost:5173/" "Mozilla/5.0 (Linux; Android) AppleWebKit/537.36 (KHTML, like Gecko) Chrome/88.0.4324.109 Safari/537.36 CrKey/1.54.248666"
::ffff:192.168.137.72 - - [05/Jul/2024:12:45:18 +0000] "GET /api/v1/admin/services/2bb280ef-4705-4240-8d25-e46f3b039ae0 HTTP/1.1" 200 2788 "http://localhost:5173/" "Mozilla/5.0 (Linux; Android) AppleWebKit/537.36 (KHTML, like Gecko) Chrome/88.0.4324.109 Safari/537.36 CrKey/1.54.248666"
::ffff:192.168.137.72 - - [05/Jul/2024:12:46:20 +0000] "GET /api/v1/images/5.jpg-1720096053296-947550271.jpg HTTP/1.1" 404 49 "http://localhost:5173/" "Mozilla/5.0 (Linux; Android) AppleWebKit/537.36 (KHTML, like Gecko) Chrome/88.0.4324.109 Safari/537.36 CrKey/1.54.248666"
::ffff:192.168.137.72 - - [05/Jul/2024:12:46:20 +0000] "GET /api/v1/admin/services/2bb280ef-4705-4240-8d25-e46f3b039ae0 HTTP/1.1" 200 2788 "http://localhost:5173/" "Mozilla/5.0 (Linux; Android) AppleWebKit/537.36 (KHTML, like Gecko) Chrome/88.0.4324.109 Safari/537.36 CrKey/1.54.248666"
::ffff:192.168.137.1 - - [05/Jul/2024:12:47:38 +0000] "GET /api/v1/admin/professionals HTTP/1.1" 304 - "http://192.168.137.72:5173/" "Mozilla/5.0 (Windows NT 10.0; Win64; x64) AppleWebKit/537.36 (KHTML, like Gecko) Chrome/126.0.0.0 Safari/537.36"
::ffff:192.168.137.1 - - [05/Jul/2024:12:48:26 +0000] "GET /api/v1/admin/services?trash=false HTTP/1.1" 304 - "http://192.168.137.72:5173/" "Mozilla/5.0 (Windows NT 10.0; Win64; x64) AppleWebKit/537.36 (KHTML, like Gecko) Chrome/126.0.0.0 Safari/537.36"
::ffff:192.168.137.1 - - [05/Jul/2024:12:48:55 +0000] "GET /api/v1/admin/services?trash=false HTTP/1.1" 304 - "http://192.168.137.72:5173/" "Mozilla/5.0 (Windows NT 10.0; Win64; x64) AppleWebKit/537.36 (KHTML, like Gecko) Chrome/126.0.0.0 Safari/537.36"
::ffff:192.168.137.72 - - [05/Jul/2024:12:49:11 +0000] "GET /api/v1/images/5.jpg-1720096053296-947550271.jpg HTTP/1.1" 404 49 "http://localhost:5173/" "Mozilla/5.0 (Linux; Android) AppleWebKit/537.36 (KHTML, like Gecko) Chrome/88.0.4324.109 Safari/537.36 CrKey/1.54.248666"
::ffff:192.168.137.72 - - [05/Jul/2024:12:49:11 +0000] "GET /api/v1/admin/services/2bb280ef-4705-4240-8d25-e46f3b039ae0 HTTP/1.1" 200 2788 "http://localhost:5173/" "Mozilla/5.0 (Linux; Android) AppleWebKit/537.36 (KHTML, like Gecko) Chrome/88.0.4324.109 Safari/537.36 CrKey/1.54.248666"
::ffff:192.168.137.72 - - [05/Jul/2024:12:49:18 +0000] "GET /api/v1/images/5.jpg-1720096053296-947550271.jpg HTTP/1.1" 404 49 "http://localhost:5173/" "Mozilla/5.0 (Linux; Android) AppleWebKit/537.36 (KHTML, like Gecko) Chrome/88.0.4324.109 Safari/537.36 CrKey/1.54.248666"
::ffff:192.168.137.72 - - [05/Jul/2024:12:49:18 +0000] "GET /api/v1/admin/services/2bb280ef-4705-4240-8d25-e46f3b039ae0 HTTP/1.1" 200 2788 "http://localhost:5173/" "Mozilla/5.0 (Linux; Android) AppleWebKit/537.36 (KHTML, like Gecko) Chrome/88.0.4324.109 Safari/537.36 CrKey/1.54.248666"
::ffff:192.168.137.72 - - [05/Jul/2024:12:49:21 +0000] "GET /api/v1/admin/services?trash=false HTTP/1.1" 200 6086 "http://localhost:5173/" "Mozilla/5.0 (Linux; Android) AppleWebKit/537.36 (KHTML, like Gecko) Chrome/88.0.4324.109 Safari/537.36 CrKey/1.54.248666"
::ffff:192.168.137.72 - - [05/Jul/2024:12:49:25 +0000] "GET /api/v1/admin/services?trash=true HTTP/1.1" 200 26 "http://localhost:5173/" "Mozilla/5.0 (Linux; Android) AppleWebKit/537.36 (KHTML, like Gecko) Chrome/88.0.4324.109 Safari/537.36 CrKey/1.54.248666"
::ffff:192.168.137.72 - - [05/Jul/2024:12:49:26 +0000] "GET /api/v1/admin/services?trash=false HTTP/1.1" 200 6086 "http://localhost:5173/" "Mozilla/5.0 (Linux; Android) AppleWebKit/537.36 (KHTML, like Gecko) Chrome/88.0.4324.109 Safari/537.36 CrKey/1.54.248666"
::ffff:192.168.137.72 - - [05/Jul/2024:12:49:34 +0000] "DELETE /api/v1/admin/services/9bd29068-b13a-493d-9416-373afefa9ad6 HTTP/1.1" 200 59 "http://localhost:5173/" "Mozilla/5.0 (Linux; Android) AppleWebKit/537.36 (KHTML, like Gecko) Chrome/88.0.4324.109 Safari/537.36 CrKey/1.54.248666"
::ffff:192.168.137.72 - - [05/Jul/2024:12:49:34 +0000] "GET /api/v1/admin/services?trash=false HTTP/1.1" 200 5162 "http://localhost:5173/" "Mozilla/5.0 (Linux; Android) AppleWebKit/537.36 (KHTML, like Gecko) Chrome/88.0.4324.109 Safari/537.36 CrKey/1.54.248666"
::ffff:192.168.137.72 - - [05/Jul/2024:12:49:38 +0000] "GET /api/v1/admin/services/2bb280ef-4705-4240-8d25-e46f3b039ae0 HTTP/1.1" 200 2788 "http://localhost:5173/" "Mozilla/5.0 (Linux; Android) AppleWebKit/537.36 (KHTML, like Gecko) Chrome/88.0.4324.109 Safari/537.36 CrKey/1.54.248666"
::ffff:192.168.137.1 - - [05/Jul/2024:12:49:52 +0000] "DELETE /api/v1/admin/services/9bd29068-b13a-493d-9416-373afefa9ad6 HTTP/1.1" 200 59 "http://192.168.137.72:5173/" "Mozilla/5.0 (Windows NT 10.0; Win64; x64) AppleWebKit/537.36 (KHTML, like Gecko) Chrome/126.0.0.0 Safari/537.36"
::ffff:192.168.137.1 - - [05/Jul/2024:12:49:52 +0000] "GET /api/v1/admin/services?trash=false HTTP/1.1" 200 5162 "http://192.168.137.72:5173/" "Mozilla/5.0 (Windows NT 10.0; Win64; x64) AppleWebKit/537.36 (KHTML, like Gecko) Chrome/126.0.0.0 Safari/537.36"
::ffff:192.168.137.1 - - [05/Jul/2024:12:53:05 +0000] "GET /api/v1/admin/services?trash=false HTTP/1.1" 304 - "http://192.168.137.72:5173/" "Mozilla/5.0 (Windows NT 10.0; Win64; x64) AppleWebKit/537.36 (KHTML, like Gecko) Chrome/126.0.0.0 Safari/537.36"
::ffff:192.168.137.1 - - [05/Jul/2024:12:53:09 +0000] "GET /api/v1/admin/services?trash=false HTTP/1.1" 304 - "http://192.168.137.72:5173/" "Mozilla/5.0 (Windows NT 10.0; Win64; x64) AppleWebKit/537.36 (KHTML, like Gecko) Chrome/126.0.0.0 Safari/537.36"
::ffff:192.168.137.1 - - [05/Jul/2024:12:53:14 +0000] "GET /api/v1/admin/services?trash=false HTTP/1.1" 304 - "http://192.168.137.72:5173/" "Mozilla/5.0 (Windows NT 10.0; Win64; x64) AppleWebKit/537.36 (KHTML, like Gecko) Chrome/126.0.0.0 Safari/537.36"
::ffff:192.168.137.72 - - [05/Jul/2024:12:53:34 +0000] "GET /api/v1/images/5.jpg-1720096053296-947550271.jpg HTTP/1.1" 404 49 "http://localhost:5173/" "Mozilla/5.0 (Linux; Android) AppleWebKit/537.36 (KHTML, like Gecko) Chrome/88.0.4324.109 Safari/537.36 CrKey/1.54.248666"
::ffff:192.168.137.72 - - [05/Jul/2024:12:54:08 +0000] "GET /api/v1/admin/sub-services?trash=true HTTP/1.1" 404 49 "http://localhost:5173/" "Mozilla/5.0 (Linux; Android) AppleWebKit/537.36 (KHTML, like Gecko) Chrome/88.0.4324.109 Safari/537.36 CrKey/1.54.248666"
::ffff:192.168.137.72 - - [05/Jul/2024:12:54:20 +0000] "GET /api/v1/images/5.jpg-1720096053296-947550271.jpg HTTP/1.1" 404 49 "http://localhost:5173/" "Mozilla/5.0 (Linux; Android) AppleWebKit/537.36 (KHTML, like Gecko) Chrome/88.0.4324.109 Safari/537.36 CrKey/1.54.248666"
::ffff:192.168.137.1 - - [05/Jul/2024:12:55:13 +0000] "GET /api/v1/admin/services?trash=true HTTP/1.1" 200 948 "http://192.168.137.72:5173/" "Mozilla/5.0 (Windows NT 10.0; Win64; x64) AppleWebKit/537.36 (KHTML, like Gecko) Chrome/126.0.0.0 Safari/537.36"
::ffff:192.168.137.1 - - [05/Jul/2024:12:55:21 +0000] "GET /api/v1/admin/services?trash=false HTTP/1.1" 304 - "http://192.168.137.72:5173/" "Mozilla/5.0 (Windows NT 10.0; Win64; x64) AppleWebKit/537.36 (KHTML, like Gecko) Chrome/126.0.0.0 Safari/537.36"
::ffff:192.168.137.1 - - [05/Jul/2024:12:55:55 +0000] "GET /api/v1/admin/services?trash=true HTTP/1.1" 304 - "http://192.168.137.72:5173/" "Mozilla/5.0 (Windows NT 10.0; Win64; x64) AppleWebKit/537.36 (KHTML, like Gecko) Chrome/126.0.0.0 Safari/537.36"
::ffff:192.168.137.1 - - [05/Jul/2024:12:55:59 +0000] "PATCH /api/v1/admin/services/backup/9bd29068-b13a-493d-9416-373afefa9ad6 HTTP/1.1" 200 66 "http://192.168.137.72:5173/" "Mozilla/5.0 (Windows NT 10.0; Win64; x64) AppleWebKit/537.36 (KHTML, like Gecko) Chrome/126.0.0.0 Safari/537.36"
::ffff:192.168.137.1 - - [05/Jul/2024:12:55:59 +0000] "GET /api/v1/admin/services?trash=true HTTP/1.1" 200 26 "http://192.168.137.72:5173/" "Mozilla/5.0 (Windows NT 10.0; Win64; x64) AppleWebKit/537.36 (KHTML, like Gecko) Chrome/126.0.0.0 Safari/537.36"
::ffff:192.168.137.1 - - [05/Jul/2024:12:56:02 +0000] "GET /api/v1/admin/services?trash=false HTTP/1.1" 200 6086 "http://192.168.137.72:5173/" "Mozilla/5.0 (Windows NT 10.0; Win64; x64) AppleWebKit/537.36 (KHTML, like Gecko) Chrome/126.0.0.0 Safari/537.36"
::ffff:192.168.137.72 - - [05/Jul/2024:12:56:18 +0000] "GET /api/v1/images/5.jpg-1720096053296-947550271.jpg HTTP/1.1" 404 49 "http://localhost:5173/" "Mozilla/5.0 (Linux; Android) AppleWebKit/537.36 (KHTML, like Gecko) Chrome/88.0.4324.109 Safari/537.36 CrKey/1.54.248666"
::ffff:192.168.137.72 - - [05/Jul/2024:12:56:24 +0000] "GET /api/v1/admin/services?trash=false HTTP/1.1" 200 6086 "http://localhost:5173/" "Mozilla/5.0 (Linux; Android) AppleWebKit/537.36 (KHTML, like Gecko) Chrome/88.0.4324.109 Safari/537.36 CrKey/1.54.248666"
::ffff:192.168.137.72 - - [05/Jul/2024:12:56:29 +0000] "GET /api/v1/admin/services/2bb280ef-4705-4240-8d25-e46f3b039ae0 HTTP/1.1" 200 2788 "http://localhost:5173/" "Mozilla/5.0 (Linux; Android) AppleWebKit/537.36 (KHTML, like Gecko) Chrome/88.0.4324.109 Safari/537.36 CrKey/1.54.248666"
::1 - - [05/Jul/2024:12:56:43 +0000] "GET /api/v1/admin/services?trash=true HTTP/1.1" 200 26 "-" "PostmanRuntime/7.39.1"
::ffff:192.168.137.1 - - [05/Jul/2024:12:57:01 +0000] "GET /api/v1/admin/services?trash=true HTTP/1.1" 304 - "http://192.168.137.72:5173/" "Mozilla/5.0 (Windows NT 10.0; Win64; x64) AppleWebKit/537.36 (KHTML, like Gecko) Chrome/126.0.0.0 Safari/537.36"
::ffff:192.168.137.1 - - [05/Jul/2024:12:57:04 +0000] "GET /api/v1/admin/services?trash=false HTTP/1.1" 304 - "http://192.168.137.72:5173/" "Mozilla/5.0 (Windows NT 10.0; Win64; x64) AppleWebKit/537.36 (KHTML, like Gecko) Chrome/126.0.0.0 Safari/537.36"
::ffff:192.168.137.72 - - [05/Jul/2024:12:57:16 +0000] "GET /api/v1/images/5.jpg-1720096053296-947550271.jpg HTTP/1.1" 404 49 "http://localhost:5173/" "Mozilla/5.0 (Linux; Android) AppleWebKit/537.36 (KHTML, like Gecko) Chrome/88.0.4324.109 Safari/537.36 CrKey/1.54.248666"
::ffff:192.168.137.72 - - [05/Jul/2024:12:57:16 +0000] "GET /api/v1/admin/services/2bb280ef-4705-4240-8d25-e46f3b039ae0 HTTP/1.1" 200 2788 "http://localhost:5173/" "Mozilla/5.0 (Linux; Android) AppleWebKit/537.36 (KHTML, like Gecko) Chrome/88.0.4324.109 Safari/537.36 CrKey/1.54.248666"
::ffff:192.168.137.72 - - [05/Jul/2024:12:57:35 +0000] "GET /api/v1/images/5.jpg-1720096053296-947550271.jpg HTTP/1.1" 404 49 "http://localhost:5173/" "Mozilla/5.0 (Linux; Android) AppleWebKit/537.36 (KHTML, like Gecko) Chrome/88.0.4324.109 Safari/537.36 CrKey/1.54.248666"
::ffff:192.168.137.72 - - [05/Jul/2024:12:57:35 +0000] "GET /api/v1/admin/services/2bb280ef-4705-4240-8d25-e46f3b039ae0 HTTP/1.1" 200 2788 "http://localhost:5173/" "Mozilla/5.0 (Linux; Android) AppleWebKit/537.36 (KHTML, like Gecko) Chrome/88.0.4324.109 Safari/537.36 CrKey/1.54.248666"
::ffff:192.168.137.72 - - [05/Jul/2024:12:58:06 +0000] "GET /api/v1/images/5.jpg-1720096053296-947550271.jpg HTTP/1.1" 404 49 "http://localhost:5173/" "Mozilla/5.0 (Linux; Android) AppleWebKit/537.36 (KHTML, like Gecko) Chrome/88.0.4324.109 Safari/537.36 CrKey/1.54.248666"
::ffff:192.168.137.72 - - [05/Jul/2024:12:58:06 +0000] "GET /api/v1/admin/services/2bb280ef-4705-4240-8d25-e46f3b039ae0 HTTP/1.1" 200 2788 "http://localhost:5173/" "Mozilla/5.0 (Linux; Android) AppleWebKit/537.36 (KHTML, like Gecko) Chrome/88.0.4324.109 Safari/537.36 CrKey/1.54.248666"
::ffff:192.168.137.72 - - [05/Jul/2024:12:59:02 +0000] "PATCH /api/v1/admin/sub-Services/2bb280ef-4705-4240-8d25-e46f3b039ae1 HTTP/1.1" 200 1495 "http://localhost:5173/" "Mozilla/5.0 (Linux; Android) AppleWebKit/537.36 (KHTML, like Gecko) Chrome/88.0.4324.109 Safari/537.36 CrKey/1.54.248666"
::ffff:192.168.137.72 - - [05/Jul/2024:12:59:02 +0000] "GET /api/v1/admin/services/2bb280ef-4705-4240-8d25-e46f3b039ae0 HTTP/1.1" 200 2789 "http://localhost:5173/" "Mozilla/5.0 (Linux; Android) AppleWebKit/537.36 (KHTML, like Gecko) Chrome/88.0.4324.109 Safari/537.36 CrKey/1.54.248666"
::ffff:192.168.137.1 - - [05/Jul/2024:12:59:11 +0000] "GET /api/v1/admin/services?trash=false HTTP/1.1" 200 6087 "http://192.168.137.72:5173/" "Mozilla/5.0 (Windows NT 10.0; Win64; x64) AppleWebKit/537.36 (KHTML, like Gecko) Chrome/126.0.0.0 Safari/537.36"
::ffff:192.168.137.72 - - [05/Jul/2024:12:59:16 +0000] "GET /api/v1/admin/services?trash=false HTTP/1.1" 200 6087 "http://localhost:5173/" "Mozilla/5.0 (Linux; Android) AppleWebKit/537.36 (KHTML, like Gecko) Chrome/88.0.4324.109 Safari/537.36 CrKey/1.54.248666"
::ffff:192.168.137.72 - - [05/Jul/2024:12:59:22 +0000] "GET /api/v1/admin/services/9bd29068-b13a-493d-9416-373afefa9ad6 HTTP/1.1" 200 947 "http://localhost:5173/" "Mozilla/5.0 (Linux; Android) AppleWebKit/537.36 (KHTML, like Gecko) Chrome/88.0.4324.109 Safari/537.36 CrKey/1.54.248666"
::ffff:192.168.137.72 - - [05/Jul/2024:12:59:29 +0000] "GET /api/v1/admin/services?trash=false HTTP/1.1" 200 6087 "http://localhost:5173/" "Mozilla/5.0 (Linux; Android) AppleWebKit/537.36 (KHTML, like Gecko) Chrome/88.0.4324.109 Safari/537.36 CrKey/1.54.248666"
::ffff:192.168.137.72 - - [05/Jul/2024:12:59:34 +0000] "GET /api/v1/admin/services/9bd29068-b13a-493d-9416-373afefa9ad6 HTTP/1.1" 200 947 "http://localhost:5173/" "Mozilla/5.0 (Linux; Android) AppleWebKit/537.36 (KHTML, like Gecko) Chrome/88.0.4324.109 Safari/537.36 CrKey/1.54.248666"
::ffff:192.168.137.72 - - [05/Jul/2024:12:59:44 +0000] "PATCH /api/v1/admin/sub-Services/57ef2a09-efb1-4e73-b5ce-ec29e43512a8 HTTP/1.1" 200 397 "http://localhost:5173/" "Mozilla/5.0 (Linux; Android) AppleWebKit/537.36 (KHTML, like Gecko) Chrome/88.0.4324.109 Safari/537.36 CrKey/1.54.248666"
::ffff:192.168.137.72 - - [05/Jul/2024:12:59:45 +0000] "GET /api/v1/admin/services/9bd29068-b13a-493d-9416-373afefa9ad6 HTTP/1.1" 200 949 "http://localhost:5173/" "Mozilla/5.0 (Linux; Android) AppleWebKit/537.36 (KHTML, like Gecko) Chrome/88.0.4324.109 Safari/537.36 CrKey/1.54.248666"
::ffff:192.168.137.72 - - [05/Jul/2024:12:59:49 +0000] "GET /api/v1/admin/services?trash=false HTTP/1.1" 200 6089 "http://localhost:5173/" "Mozilla/5.0 (Linux; Android) AppleWebKit/537.36 (KHTML, like Gecko) Chrome/88.0.4324.109 Safari/537.36 CrKey/1.54.248666"
::ffff:192.168.137.1 - - [05/Jul/2024:12:59:52 +0000] "GET /api/v1/admin/services?trash=false HTTP/1.1" 200 6089 "http://192.168.137.72:5173/" "Mozilla/5.0 (Windows NT 10.0; Win64; x64) AppleWebKit/537.36 (KHTML, like Gecko) Chrome/126.0.0.0 Safari/537.36"
::ffff:192.168.137.1 - - [05/Jul/2024:13:00:12 +0000] "GET /api/v1/admin/services?trash=false HTTP/1.1" 304 - "http://192.168.137.72:5173/" "Mozilla/5.0 (Windows NT 10.0; Win64; x64) AppleWebKit/537.36 (KHTML, like Gecko) Chrome/126.0.0.0 Safari/537.36"
::ffff:192.168.137.72 - - [05/Jul/2024:13:00:19 +0000] "GET /api/v1/users/partners/all HTTP/1.1" 200 1475 "http://localhost:5173/" "Mozilla/5.0 (Linux; Android) AppleWebKit/537.36 (KHTML, like Gecko) Chrome/88.0.4324.109 Safari/537.36 CrKey/1.54.248666"
::ffff:192.168.137.72 - - [05/Jul/2024:13:00:20 +0000] "GET /api/v1/admin/services?trash=false HTTP/1.1" 200 6089 "http://localhost:5173/" "Mozilla/5.0 (Linux; Android) AppleWebKit/537.36 (KHTML, like Gecko) Chrome/88.0.4324.109 Safari/537.36 CrKey/1.54.248666"
::ffff:192.168.137.1 - - [05/Jul/2024:13:00:32 +0000] "GET /api/v1/admin/services/9bd29068-b13a-493d-9416-373afefa9ad6 HTTP/1.1" 200 949 "http://192.168.137.72:5173/" "Mozilla/5.0 (Windows NT 10.0; Win64; x64) AppleWebKit/537.36 (KHTML, like Gecko) Chrome/126.0.0.0 Safari/537.36"
::ffff:192.168.137.1 - - [05/Jul/2024:13:00:38 +0000] "GET /api/v1/admin/services?trash=false HTTP/1.1" 304 - "http://192.168.137.72:5173/" "Mozilla/5.0 (Windows NT 10.0; Win64; x64) AppleWebKit/537.36 (KHTML, like Gecko) Chrome/126.0.0.0 Safari/537.36"
::ffff:192.168.137.1 - - [05/Jul/2024:13:00:46 +0000] "GET /api/v1/admin/services?trash=false HTTP/1.1" 304 - "http://192.168.137.72:5173/" "Mozilla/5.0 (Windows NT 10.0; Win64; x64) AppleWebKit/537.36 (KHTML, like Gecko) Chrome/126.0.0.0 Safari/537.36"
::ffff:192.168.137.72 - - [05/Jul/2024:13:00:55 +0000] "GET /api/v1/admin/services/9bd29068-b13a-493d-9416-373afefa9ad6 HTTP/1.1" 200 949 "http://localhost:5173/" "Mozilla/5.0 (Linux; Android) AppleWebKit/537.36 (KHTML, like Gecko) Chrome/88.0.4324.109 Safari/537.36 CrKey/1.54.248666"
::ffff:192.168.137.1 - - [05/Jul/2024:13:01:23 +0000] "GET /api/v1/admin/services?trash=false HTTP/1.1" 304 - "http://192.168.137.72:5173/" "Mozilla/5.0 (Windows NT 10.0; Win64; x64) AppleWebKit/537.36 (KHTML, like Gecko) Chrome/126.0.0.0 Safari/537.36"
::ffff:192.168.137.1 - - [05/Jul/2024:13:01:30 +0000] "GET /api/v1/admin/contact-address HTTP/1.1" 304 - "http://192.168.137.72:5173/" "Mozilla/5.0 (Windows NT 10.0; Win64; x64) AppleWebKit/537.36 (KHTML, like Gecko) Chrome/126.0.0.0 Safari/537.36"
::ffff:192.168.137.1 - - [05/Jul/2024:13:01:30 +0000] "GET /api/v1/admin/social-medias HTTP/1.1" 304 - "http://192.168.137.72:5173/" "Mozilla/5.0 (Windows NT 10.0; Win64; x64) AppleWebKit/537.36 (KHTML, like Gecko) Chrome/126.0.0.0 Safari/537.36"
::ffff:192.168.137.1 - - [05/Jul/2024:13:01:30 +0000] "GET /api/v1/admin/services?trash=false HTTP/1.1" 304 - "http://192.168.137.72:5173/" "Mozilla/5.0 (Windows NT 10.0; Win64; x64) AppleWebKit/537.36 (KHTML, like Gecko) Chrome/126.0.0.0 Safari/537.36"
::ffff:192.168.137.1 - - [05/Jul/2024:13:01:30 +0000] "GET /api/v1/admin/testimonials HTTP/1.1" 304 - "http://192.168.137.72:5173/" "Mozilla/5.0 (Windows NT 10.0; Win64; x64) AppleWebKit/537.36 (KHTML, like Gecko) Chrome/126.0.0.0 Safari/537.36"
::ffff:192.168.137.1 - - [05/Jul/2024:13:01:30 +0000] "GET /api/v1/admin/news HTTP/1.1" 304 - "http://192.168.137.72:5173/" "Mozilla/5.0 (Windows NT 10.0; Win64; x64) AppleWebKit/537.36 (KHTML, like Gecko) Chrome/126.0.0.0 Safari/537.36"
::ffff:192.168.137.1 - - [05/Jul/2024:13:01:30 +0000] "GET /api/v1/users/partners HTTP/1.1" 304 - "http://192.168.137.72:5173/" "Mozilla/5.0 (Windows NT 10.0; Win64; x64) AppleWebKit/537.36 (KHTML, like Gecko) Chrome/126.0.0.0 Safari/537.36"
::ffff:192.168.137.1 - - [05/Jul/2024:13:01:30 +0000] "GET /api/v1/users/home HTTP/1.1" 304 - "http://192.168.137.72:5173/" "Mozilla/5.0 (Windows NT 10.0; Win64; x64) AppleWebKit/537.36 (KHTML, like Gecko) Chrome/126.0.0.0 Safari/537.36"
::ffff:192.168.137.1 - - [05/Jul/2024:13:01:30 +0000] "GET /api/v1/admin/contact-address HTTP/1.1" 304 - "http://192.168.137.72:5173/" "Mozilla/5.0 (Windows NT 10.0; Win64; x64) AppleWebKit/537.36 (KHTML, like Gecko) Chrome/126.0.0.0 Safari/537.36"
::ffff:192.168.137.1 - - [05/Jul/2024:13:01:30 +0000] "GET /api/v1/admin/statistics HTTP/1.1" 304 - "http://192.168.137.72:5173/" "Mozilla/5.0 (Windows NT 10.0; Win64; x64) AppleWebKit/537.36 (KHTML, like Gecko) Chrome/126.0.0.0 Safari/537.36"
::ffff:192.168.137.1 - - [05/Jul/2024:13:01:30 +0000] "GET /api/v1/admin/social-medias HTTP/1.1" 304 - "http://192.168.137.72:5173/" "Mozilla/5.0 (Windows NT 10.0; Win64; x64) AppleWebKit/537.36 (KHTML, like Gecko) Chrome/126.0.0.0 Safari/537.36"
::ffff:192.168.137.1 - - [05/Jul/2024:13:01:30 +0000] "GET /api/v1/admin/services?trash=false HTTP/1.1" 304 - "http://192.168.137.72:5173/" "Mozilla/5.0 (Windows NT 10.0; Win64; x64) AppleWebKit/537.36 (KHTML, like Gecko) Chrome/126.0.0.0 Safari/537.36"
::ffff:192.168.137.1 - - [05/Jul/2024:13:01:30 +0000] "GET /api/v1/admin/services?trash=false HTTP/1.1" 304 - "http://192.168.137.72:5173/" "Mozilla/5.0 (Windows NT 10.0; Win64; x64) AppleWebKit/537.36 (KHTML, like Gecko) Chrome/126.0.0.0 Safari/537.36"
::ffff:192.168.137.1 - - [05/Jul/2024:13:01:30 +0000] "GET /api/v1/admin/products HTTP/1.1" 304 - "http://192.168.137.72:5173/" "Mozilla/5.0 (Windows NT 10.0; Win64; x64) AppleWebKit/537.36 (KHTML, like Gecko) Chrome/126.0.0.0 Safari/537.36"
::ffff:192.168.137.1 - - [05/Jul/2024:13:01:37 +0000] "GET /api/v1/admin/services?trash=false HTTP/1.1" 304 - "http://192.168.137.72:5173/" "Mozilla/5.0 (Windows NT 10.0; Win64; x64) AppleWebKit/537.36 (KHTML, like Gecko) Chrome/126.0.0.0 Safari/537.36"
::ffff:192.168.137.1 - - [05/Jul/2024:13:01:37 +0000] "GET /api/v1/users/partners HTTP/1.1" 304 - "http://192.168.137.72:5173/" "Mozilla/5.0 (Windows NT 10.0; Win64; x64) AppleWebKit/537.36 (KHTML, like Gecko) Chrome/126.0.0.0 Safari/537.36"
::ffff:192.168.137.1 - - [05/Jul/2024:13:01:58 +0000] "GET /api/v1/admin/services?trash=false HTTP/1.1" 304 - "http://192.168.137.72:5173/" "Mozilla/5.0 (Windows NT 10.0; Win64; x64) AppleWebKit/537.36 (KHTML, like Gecko) Chrome/126.0.0.0 Safari/537.36"
::ffff:192.168.137.1 - - [05/Jul/2024:13:01:58 +0000] "GET /api/v1/admin/services?trash=false HTTP/1.1" 304 - "http://192.168.137.72:5173/" "Mozilla/5.0 (Windows NT 10.0; Win64; x64) AppleWebKit/537.36 (KHTML, like Gecko) Chrome/126.0.0.0 Safari/537.36"
::ffff:192.168.137.1 - - [05/Jul/2024:13:01:58 +0000] "GET /api/v1/admin/services?trash=false HTTP/1.1" 304 - "http://192.168.137.72:5173/" "Mozilla/5.0 (Windows NT 10.0; Win64; x64) AppleWebKit/537.36 (KHTML, like Gecko) Chrome/126.0.0.0 Safari/537.36"
::ffff:192.168.137.1 - - [05/Jul/2024:13:01:58 +0000] "GET /api/v1/admin/services?trash=false HTTP/1.1" 304 - "http://192.168.137.72:5173/" "Mozilla/5.0 (Windows NT 10.0; Win64; x64) AppleWebKit/537.36 (KHTML, like Gecko) Chrome/126.0.0.0 Safari/537.36"
::ffff:192.168.137.1 - - [05/Jul/2024:13:01:58 +0000] "GET /api/v1/admin/contact-address HTTP/1.1" 304 - "http://192.168.137.72:5173/" "Mozilla/5.0 (Windows NT 10.0; Win64; x64) AppleWebKit/537.36 (KHTML, like Gecko) Chrome/126.0.0.0 Safari/537.36"
::ffff:192.168.137.1 - - [05/Jul/2024:13:01:58 +0000] "GET /api/v1/admin/social-medias HTTP/1.1" 304 - "http://192.168.137.72:5173/" "Mozilla/5.0 (Windows NT 10.0; Win64; x64) AppleWebKit/537.36 (KHTML, like Gecko) Chrome/126.0.0.0 Safari/537.36"
::ffff:192.168.137.1 - - [05/Jul/2024:13:01:58 +0000] "GET /api/v1/users/partners HTTP/1.1" 304 - "http://192.168.137.72:5173/" "Mozilla/5.0 (Windows NT 10.0; Win64; x64) AppleWebKit/537.36 (KHTML, like Gecko) Chrome/126.0.0.0 Safari/537.36"
::ffff:192.168.137.1 - - [05/Jul/2024:13:01:58 +0000] "GET /api/v1/admin/products HTTP/1.1" 304 - "http://192.168.137.72:5173/" "Mozilla/5.0 (Windows NT 10.0; Win64; x64) AppleWebKit/537.36 (KHTML, like Gecko) Chrome/126.0.0.0 Safari/537.36"
::ffff:192.168.137.1 - - [05/Jul/2024:13:01:58 +0000] "GET /api/v1/admin/contact-address HTTP/1.1" 304 - "http://192.168.137.72:5173/" "Mozilla/5.0 (Windows NT 10.0; Win64; x64) AppleWebKit/537.36 (KHTML, like Gecko) Chrome/126.0.0.0 Safari/537.36"
::ffff:192.168.137.1 - - [05/Jul/2024:13:01:58 +0000] "GET /api/v1/admin/social-medias HTTP/1.1" 304 - "http://192.168.137.72:5173/" "Mozilla/5.0 (Windows NT 10.0; Win64; x64) AppleWebKit/537.36 (KHTML, like Gecko) Chrome/126.0.0.0 Safari/537.36"
::ffff:192.168.137.1 - - [05/Jul/2024:13:02:00 +0000] "GET /api/v1/admin/services?trash=false HTTP/1.1" 304 - "http://192.168.137.72:5173/" "Mozilla/5.0 (Windows NT 10.0; Win64; x64) AppleWebKit/537.36 (KHTML, like Gecko) Chrome/126.0.0.0 Safari/537.36"
::ffff:192.168.137.1 - - [05/Jul/2024:13:02:01 +0000] "GET /api/v1/admin/contact-address HTTP/1.1" 304 - "http://192.168.137.72:5173/" "Mozilla/5.0 (Windows NT 10.0; Win64; x64) AppleWebKit/537.36 (KHTML, like Gecko) Chrome/126.0.0.0 Safari/537.36"
::ffff:192.168.137.1 - - [05/Jul/2024:13:02:01 +0000] "GET /api/v1/admin/services?trash=false HTTP/1.1" 304 - "http://192.168.137.72:5173/" "Mozilla/5.0 (Windows NT 10.0; Win64; x64) AppleWebKit/537.36 (KHTML, like Gecko) Chrome/126.0.0.0 Safari/537.36"
::ffff:192.168.137.1 - - [05/Jul/2024:13:02:01 +0000] "GET /api/v1/users/partners HTTP/1.1" 304 - "http://192.168.137.72:5173/" "Mozilla/5.0 (Windows NT 10.0; Win64; x64) AppleWebKit/537.36 (KHTML, like Gecko) Chrome/126.0.0.0 Safari/537.36"
::ffff:192.168.137.1 - - [05/Jul/2024:13:02:01 +0000] "GET /api/v1/admin/products HTTP/1.1" 304 - "http://192.168.137.72:5173/" "Mozilla/5.0 (Windows NT 10.0; Win64; x64) AppleWebKit/537.36 (KHTML, like Gecko) Chrome/126.0.0.0 Safari/537.36"
::ffff:192.168.137.1 - - [05/Jul/2024:13:02:01 +0000] "GET /api/v1/admin/contact-address HTTP/1.1" 304 - "http://192.168.137.72:5173/" "Mozilla/5.0 (Windows NT 10.0; Win64; x64) AppleWebKit/537.36 (KHTML, like Gecko) Chrome/126.0.0.0 Safari/537.36"
::ffff:192.168.137.1 - - [05/Jul/2024:13:02:01 +0000] "GET /api/v1/admin/services?trash=false HTTP/1.1" 304 - "http://192.168.137.72:5173/" "Mozilla/5.0 (Windows NT 10.0; Win64; x64) AppleWebKit/537.36 (KHTML, like Gecko) Chrome/126.0.0.0 Safari/537.36"
::ffff:192.168.137.1 - - [05/Jul/2024:13:02:01 +0000] "GET /api/v1/admin/services?trash=false HTTP/1.1" 304 - "http://192.168.137.72:5173/" "Mozilla/5.0 (Windows NT 10.0; Win64; x64) AppleWebKit/537.36 (KHTML, like Gecko) Chrome/126.0.0.0 Safari/537.36"
::ffff:192.168.137.1 - - [05/Jul/2024:13:02:01 +0000] "GET /api/v1/admin/social-medias HTTP/1.1" 304 - "http://192.168.137.72:5173/" "Mozilla/5.0 (Windows NT 10.0; Win64; x64) AppleWebKit/537.36 (KHTML, like Gecko) Chrome/126.0.0.0 Safari/537.36"
::ffff:192.168.137.1 - - [05/Jul/2024:13:02:01 +0000] "GET /api/v1/admin/social-medias HTTP/1.1" 304 - "http://192.168.137.72:5173/" "Mozilla/5.0 (Windows NT 10.0; Win64; x64) AppleWebKit/537.36 (KHTML, like Gecko) Chrome/126.0.0.0 Safari/537.36"
::ffff:192.168.137.72 - - [05/Jul/2024:13:02:03 +0000] "GET /api/v1/images/5.jpg-1720096053296-947550271.jpg HTTP/1.1" 404 49 "http://localhost:5173/" "Mozilla/5.0 (Linux; Android) AppleWebKit/537.36 (KHTML, like Gecko) Chrome/88.0.4324.109 Safari/537.36 CrKey/1.54.248666"
::ffff:192.168.137.72 - - [05/Jul/2024:13:02:03 +0000] "GET /api/v1/admin/services/9bd29068-b13a-493d-9416-373afefa9ad6 HTTP/1.1" 200 949 "http://localhost:5173/" "Mozilla/5.0 (Linux; Android) AppleWebKit/537.36 (KHTML, like Gecko) Chrome/88.0.4324.109 Safari/537.36 CrKey/1.54.248666"
::ffff:192.168.137.1 - - [05/Jul/2024:13:02:05 +0000] "GET /api/v1/admin/services/9bd29068-b13a-493d-9416-373afefa9ad6 HTTP/1.1" 304 - "http://192.168.137.72:5173/" "Mozilla/5.0 (Windows NT 10.0; Win64; x64) AppleWebKit/537.36 (KHTML, like Gecko) Chrome/126.0.0.0 Safari/537.36"
::ffff:192.168.137.1 - - [05/Jul/2024:13:02:48 +0000] "GET /api/v1/admin/contact-address HTTP/1.1" 304 - "http://192.168.137.72:5173/" "Mozilla/5.0 (Windows NT 10.0; Win64; x64) AppleWebKit/537.36 (KHTML, like Gecko) Chrome/126.0.0.0 Safari/537.36"
::ffff:192.168.137.1 - - [05/Jul/2024:13:02:48 +0000] "GET /api/v1/admin/social-medias HTTP/1.1" 304 - "http://192.168.137.72:5173/" "Mozilla/5.0 (Windows NT 10.0; Win64; x64) AppleWebKit/537.36 (KHTML, like Gecko) Chrome/126.0.0.0 Safari/537.36"
::ffff:192.168.137.1 - - [05/Jul/2024:13:02:48 +0000] "GET /api/v1/admin/services?trash=false HTTP/1.1" 304 - "http://192.168.137.72:5173/" "Mozilla/5.0 (Windows NT 10.0; Win64; x64) AppleWebKit/537.36 (KHTML, like Gecko) Chrome/126.0.0.0 Safari/537.36"
::ffff:192.168.137.1 - - [05/Jul/2024:13:02:48 +0000] "GET /api/v1/users/partners HTTP/1.1" 304 - "http://192.168.137.72:5173/" "Mozilla/5.0 (Windows NT 10.0; Win64; x64) AppleWebKit/537.36 (KHTML, like Gecko) Chrome/126.0.0.0 Safari/537.36"
::ffff:192.168.137.1 - - [05/Jul/2024:13:02:48 +0000] "GET /api/v1/admin/products HTTP/1.1" 304 - "http://192.168.137.72:5173/" "Mozilla/5.0 (Windows NT 10.0; Win64; x64) AppleWebKit/537.36 (KHTML, like Gecko) Chrome/126.0.0.0 Safari/537.36"
::ffff:192.168.137.1 - - [05/Jul/2024:13:02:48 +0000] "GET /api/v1/admin/contact-address HTTP/1.1" 304 - "http://192.168.137.72:5173/" "Mozilla/5.0 (Windows NT 10.0; Win64; x64) AppleWebKit/537.36 (KHTML, like Gecko) Chrome/126.0.0.0 Safari/537.36"
::ffff:192.168.137.1 - - [05/Jul/2024:13:02:48 +0000] "GET /api/v1/admin/social-medias HTTP/1.1" 304 - "http://192.168.137.72:5173/" "Mozilla/5.0 (Windows NT 10.0; Win64; x64) AppleWebKit/537.36 (KHTML, like Gecko) Chrome/126.0.0.0 Safari/537.36"
::ffff:192.168.137.1 - - [05/Jul/2024:13:02:48 +0000] "GET /api/v1/admin/services?trash=false HTTP/1.1" 304 - "http://192.168.137.72:5173/" "Mozilla/5.0 (Windows NT 10.0; Win64; x64) AppleWebKit/537.36 (KHTML, like Gecko) Chrome/126.0.0.0 Safari/537.36"
::ffff:192.168.137.1 - - [05/Jul/2024:13:02:49 +0000] "GET /api/v1/admin/services?trash=false HTTP/1.1" 304 - "http://192.168.137.72:5173/" "Mozilla/5.0 (Windows NT 10.0; Win64; x64) AppleWebKit/537.36 (KHTML, like Gecko) Chrome/126.0.0.0 Safari/537.36"
::ffff:192.168.137.1 - - [05/Jul/2024:13:02:49 +0000] "GET /api/v1/admin/services/9bd29068-b13a-493d-9416-373afefa9ad6 HTTP/1.1" 304 - "http://192.168.137.72:5173/" "Mozilla/5.0 (Windows NT 10.0; Win64; x64) AppleWebKit/537.36 (KHTML, like Gecko) Chrome/126.0.0.0 Safari/537.36"
::ffff:192.168.137.72 - - [05/Jul/2024:13:02:50 +0000] "GET /api/v1/images/5.jpg-1720096053296-947550271.jpg HTTP/1.1" 404 49 "http://localhost:5173/" "Mozilla/5.0 (Linux; Android) AppleWebKit/537.36 (KHTML, like Gecko) Chrome/88.0.4324.109 Safari/537.36 CrKey/1.54.248666"
::ffff:192.168.137.72 - - [05/Jul/2024:13:02:50 +0000] "GET /api/v1/admin/services/9bd29068-b13a-493d-9416-373afefa9ad6 HTTP/1.1" 200 949 "http://localhost:5173/" "Mozilla/5.0 (Linux; Android) AppleWebKit/537.36 (KHTML, like Gecko) Chrome/88.0.4324.109 Safari/537.36 CrKey/1.54.248666"
::ffff:192.168.137.72 - - [05/Jul/2024:13:04:10 +0000] "GET /api/v1/admin/services?trash=false HTTP/1.1" 200 6089 "http://localhost:5173/" "Mozilla/5.0 (Linux; Android) AppleWebKit/537.36 (KHTML, like Gecko) Chrome/88.0.4324.109 Safari/537.36 CrKey/1.54.248666"
::ffff:192.168.137.72 - - [05/Jul/2024:13:04:13 +0000] "GET /api/v1/admin/services/67fa527d-dd39-4e73-9013-86e1f1fdc75d HTTP/1.1" 200 1338 "http://localhost:5173/" "Mozilla/5.0 (Linux; Android) AppleWebKit/537.36 (KHTML, like Gecko) Chrome/88.0.4324.109 Safari/537.36 CrKey/1.54.248666"
::ffff:192.168.137.72 - - [05/Jul/2024:13:04:15 +0000] "GET /api/v1/admin/services?trash=false HTTP/1.1" 200 6089 "http://localhost:5173/" "Mozilla/5.0 (Linux; Android) AppleWebKit/537.36 (KHTML, like Gecko) Chrome/88.0.4324.109 Safari/537.36 CrKey/1.54.248666"
::ffff:192.168.137.72 - - [05/Jul/2024:13:04:21 +0000] "GET /api/v1/admin/services/2bb280ef-4705-4240-8d25-e46f3b039ae0 HTTP/1.1" 200 2789 "http://localhost:5173/" "Mozilla/5.0 (Linux; Android) AppleWebKit/537.36 (KHTML, like Gecko) Chrome/88.0.4324.109 Safari/537.36 CrKey/1.54.248666"
::ffff:192.168.137.1 - - [05/Jul/2024:13:05:15 +0000] "GET /api/v1/admin/contact-address HTTP/1.1" 304 - "http://192.168.137.72:5173/" "Mozilla/5.0 (Windows NT 10.0; Win64; x64) AppleWebKit/537.36 (KHTML, like Gecko) Chrome/126.0.0.0 Safari/537.36"
::ffff:192.168.137.1 - - [05/Jul/2024:13:05:15 +0000] "GET /api/v1/admin/social-medias HTTP/1.1" 304 - "http://192.168.137.72:5173/" "Mozilla/5.0 (Windows NT 10.0; Win64; x64) AppleWebKit/537.36 (KHTML, like Gecko) Chrome/126.0.0.0 Safari/537.36"
::ffff:192.168.137.1 - - [05/Jul/2024:13:05:15 +0000] "GET /api/v1/admin/products HTTP/1.1" 304 - "http://192.168.137.72:5173/" "Mozilla/5.0 (Windows NT 10.0; Win64; x64) AppleWebKit/537.36 (KHTML, like Gecko) Chrome/126.0.0.0 Safari/537.36"
::ffff:192.168.137.1 - - [05/Jul/2024:13:05:15 +0000] "GET /api/v1/users/partners HTTP/1.1" 304 - "http://192.168.137.72:5173/" "Mozilla/5.0 (Windows NT 10.0; Win64; x64) AppleWebKit/537.36 (KHTML, like Gecko) Chrome/126.0.0.0 Safari/537.36"
::ffff:192.168.137.1 - - [05/Jul/2024:13:05:15 +0000] "GET /api/v1/admin/services?trash=false HTTP/1.1" 304 - "http://192.168.137.72:5173/" "Mozilla/5.0 (Windows NT 10.0; Win64; x64) AppleWebKit/537.36 (KHTML, like Gecko) Chrome/126.0.0.0 Safari/537.36"
::ffff:192.168.137.1 - - [05/Jul/2024:13:05:15 +0000] "GET /api/v1/admin/contact-address HTTP/1.1" 304 - "http://192.168.137.72:5173/" "Mozilla/5.0 (Windows NT 10.0; Win64; x64) AppleWebKit/537.36 (KHTML, like Gecko) Chrome/126.0.0.0 Safari/537.36"
::ffff:192.168.137.1 - - [05/Jul/2024:13:05:15 +0000] "GET /api/v1/admin/social-medias HTTP/1.1" 304 - "http://192.168.137.72:5173/" "Mozilla/5.0 (Windows NT 10.0; Win64; x64) AppleWebKit/537.36 (KHTML, like Gecko) Chrome/126.0.0.0 Safari/537.36"
::ffff:192.168.137.1 - - [05/Jul/2024:13:05:15 +0000] "GET /api/v1/admin/services?trash=false HTTP/1.1" 304 - "http://192.168.137.72:5173/" "Mozilla/5.0 (Windows NT 10.0; Win64; x64) AppleWebKit/537.36 (KHTML, like Gecko) Chrome/126.0.0.0 Safari/537.36"
::ffff:192.168.137.1 - - [05/Jul/2024:13:05:15 +0000] "GET /api/v1/admin/services?trash=false HTTP/1.1" 304 - "http://192.168.137.72:5173/" "Mozilla/5.0 (Windows NT 10.0; Win64; x64) AppleWebKit/537.36 (KHTML, like Gecko) Chrome/126.0.0.0 Safari/537.36"
::ffff:192.168.137.1 - - [05/Jul/2024:13:05:17 +0000] "GET /api/v1/admin/social-medias HTTP/1.1" 304 - "http://192.168.137.72:5173/" "Mozilla/5.0 (Windows NT 10.0; Win64; x64) AppleWebKit/537.36 (KHTML, like Gecko) Chrome/126.0.0.0 Safari/537.36"
::ffff:192.168.137.1 - - [05/Jul/2024:13:05:17 +0000] "GET /api/v1/admin/contact-address HTTP/1.1" 304 - "http://192.168.137.72:5173/" "Mozilla/5.0 (Windows NT 10.0; Win64; x64) AppleWebKit/537.36 (KHTML, like Gecko) Chrome/126.0.0.0 Safari/537.36"
::ffff:192.168.137.1 - - [05/Jul/2024:13:05:18 +0000] "GET /api/v1/admin/services?trash=false HTTP/1.1" 304 - "http://192.168.137.72:5173/" "Mozilla/5.0 (Windows NT 10.0; Win64; x64) AppleWebKit/537.36 (KHTML, like Gecko) Chrome/126.0.0.0 Safari/537.36"
::ffff:192.168.137.1 - - [05/Jul/2024:13:05:18 +0000] "GET /api/v1/admin/products HTTP/1.1" 304 - "http://192.168.137.72:5173/" "Mozilla/5.0 (Windows NT 10.0; Win64; x64) AppleWebKit/537.36 (KHTML, like Gecko) Chrome/126.0.0.0 Safari/537.36"
::ffff:192.168.137.1 - - [05/Jul/2024:13:05:18 +0000] "GET /api/v1/users/partners HTTP/1.1" 304 - "http://192.168.137.72:5173/" "Mozilla/5.0 (Windows NT 10.0; Win64; x64) AppleWebKit/537.36 (KHTML, like Gecko) Chrome/126.0.0.0 Safari/537.36"
::ffff:192.168.137.1 - - [05/Jul/2024:13:05:18 +0000] "GET /api/v1/admin/social-medias HTTP/1.1" 304 - "http://192.168.137.72:5173/" "Mozilla/5.0 (Windows NT 10.0; Win64; x64) AppleWebKit/537.36 (KHTML, like Gecko) Chrome/126.0.0.0 Safari/537.36"
::ffff:192.168.137.1 - - [05/Jul/2024:13:05:18 +0000] "GET /api/v1/admin/contact-address HTTP/1.1" 304 - "http://192.168.137.72:5173/" "Mozilla/5.0 (Windows NT 10.0; Win64; x64) AppleWebKit/537.36 (KHTML, like Gecko) Chrome/126.0.0.0 Safari/537.36"
::ffff:192.168.137.1 - - [05/Jul/2024:13:05:18 +0000] "GET /api/v1/admin/services?trash=false HTTP/1.1" 304 - "http://192.168.137.72:5173/" "Mozilla/5.0 (Windows NT 10.0; Win64; x64) AppleWebKit/537.36 (KHTML, like Gecko) Chrome/126.0.0.0 Safari/537.36"
::ffff:192.168.137.1 - - [05/Jul/2024:13:05:18 +0000] "GET /api/v1/admin/services?trash=false HTTP/1.1" 304 - "http://192.168.137.72:5173/" "Mozilla/5.0 (Windows NT 10.0; Win64; x64) AppleWebKit/537.36 (KHTML, like Gecko) Chrome/126.0.0.0 Safari/537.36"
::ffff:192.168.137.72 - - [05/Jul/2024:13:06:22 +0000] "GET /api/v1/admin/testimonials HTTP/1.1" 200 1494 "http://localhost:5173/" "Mozilla/5.0 (Linux; Android) AppleWebKit/537.36 (KHTML, like Gecko) Chrome/88.0.4324.109 Safari/537.36 CrKey/1.54.248666"
::ffff:192.168.137.72 - - [05/Jul/2024:13:06:24 +0000] "GET /api/v1/users/home HTTP/1.1" 200 3370 "http://localhost:5173/" "Mozilla/5.0 (Linux; Android) AppleWebKit/537.36 (KHTML, like Gecko) Chrome/88.0.4324.109 Safari/537.36 CrKey/1.54.248666"
::ffff:192.168.137.72 - - [05/Jul/2024:13:06:25 +0000] "GET /api/v1/users/partners/all HTTP/1.1" 200 1475 "http://localhost:5173/" "Mozilla/5.0 (Linux; Android) AppleWebKit/537.36 (KHTML, like Gecko) Chrome/88.0.4324.109 Safari/537.36 CrKey/1.54.248666"
::ffff:192.168.137.72 - - [05/Jul/2024:13:06:28 +0000] "GET /api/v1/users/subscribers HTTP/1.1" 200 212 "http://localhost:5173/" "Mozilla/5.0 (Linux; Android) AppleWebKit/537.36 (KHTML, like Gecko) Chrome/88.0.4324.109 Safari/537.36 CrKey/1.54.248666"
::ffff:192.168.137.72 - - [05/Jul/2024:13:06:30 +0000] "GET /api/v1/admin/loan-calculator HTTP/1.1" 200 288 "http://localhost:5173/" "Mozilla/5.0 (Linux; Android) AppleWebKit/537.36 (KHTML, like Gecko) Chrome/88.0.4324.109 Safari/537.36 CrKey/1.54.248666"
::ffff:192.168.137.72 - - [05/Jul/2024:13:06:32 +0000] "GET /api/v1/images/5.jpg-1720096053296-947550271.jpg HTTP/1.1" 404 49 "http://localhost:5173/" "Mozilla/5.0 (Linux; Android) AppleWebKit/537.36 (KHTML, like Gecko) Chrome/88.0.4324.109 Safari/537.36 CrKey/1.54.248666"
::ffff:192.168.137.72 - - [05/Jul/2024:13:06:34 +0000] "GET /api/v1/admin/contact-address HTTP/1.1" 200 338 "http://localhost:5173/" "Mozilla/5.0 (Linux; Android) AppleWebKit/537.36 (KHTML, like Gecko) Chrome/88.0.4324.109 Safari/537.36 CrKey/1.54.248666"
::ffff:192.168.137.72 - - [05/Jul/2024:13:06:34 +0000] "GET /api/v1/admin/social-medias HTTP/1.1" 200 26 "http://localhost:5173/" "Mozilla/5.0 (Linux; Android) AppleWebKit/537.36 (KHTML, like Gecko) Chrome/88.0.4324.109 Safari/537.36 CrKey/1.54.248666"
::ffff:192.168.137.72 - - [05/Jul/2024:13:06:34 +0000] "GET /api/v1/admin/services?trash=false HTTP/1.1" 200 6089 "http://localhost:5173/" "Mozilla/5.0 (Linux; Android) AppleWebKit/537.36 (KHTML, like Gecko) Chrome/88.0.4324.109 Safari/537.36 CrKey/1.54.248666"
::ffff:192.168.137.72 - - [05/Jul/2024:13:06:34 +0000] "GET /api/v1/admin/services?trash=false HTTP/1.1" 200 6089 "http://localhost:5173/" "Mozilla/5.0 (Linux; Android) AppleWebKit/537.36 (KHTML, like Gecko) Chrome/88.0.4324.109 Safari/537.36 CrKey/1.54.248666"
::ffff:192.168.137.72 - - [05/Jul/2024:13:06:34 +0000] "GET /api/v1/admin/contact-address HTTP/1.1" 200 338 "http://localhost:5173/" "Mozilla/5.0 (Linux; Android) AppleWebKit/537.36 (KHTML, like Gecko) Chrome/88.0.4324.109 Safari/537.36 CrKey/1.54.248666"
::ffff:192.168.137.72 - - [05/Jul/2024:13:06:34 +0000] "GET /api/v1/admin/services?trash=false HTTP/1.1" 200 6089 "http://localhost:5173/" "Mozilla/5.0 (Linux; Android) AppleWebKit/537.36 (KHTML, like Gecko) Chrome/88.0.4324.109 Safari/537.36 CrKey/1.54.248666"
::ffff:192.168.137.72 - - [05/Jul/2024:13:06:34 +0000] "GET /api/v1/admin/social-medias HTTP/1.1" 200 26 "http://localhost:5173/" "Mozilla/5.0 (Linux; Android) AppleWebKit/537.36 (KHTML, like Gecko) Chrome/88.0.4324.109 Safari/537.36 CrKey/1.54.248666"
::ffff:192.168.137.72 - - [05/Jul/2024:13:06:34 +0000] "GET /api/v1/admin/news HTTP/1.1" 200 4061 "http://localhost:5173/" "Mozilla/5.0 (Linux; Android) AppleWebKit/537.36 (KHTML, like Gecko) Chrome/88.0.4324.109 Safari/537.36 CrKey/1.54.248666"
::ffff:192.168.137.72 - - [05/Jul/2024:13:06:34 +0000] "GET /api/v1/admin/testimonials HTTP/1.1" 200 1494 "http://localhost:5173/" "Mozilla/5.0 (Linux; Android) AppleWebKit/537.36 (KHTML, like Gecko) Chrome/88.0.4324.109 Safari/537.36 CrKey/1.54.248666"
::ffff:192.168.137.72 - - [05/Jul/2024:13:06:34 +0000] "GET /api/v1/users/partners HTTP/1.1" 200 1475 "http://localhost:5173/" "Mozilla/5.0 (Linux; Android) AppleWebKit/537.36 (KHTML, like Gecko) Chrome/88.0.4324.109 Safari/537.36 CrKey/1.54.248666"
::ffff:192.168.137.72 - - [05/Jul/2024:13:06:34 +0000] "GET /api/v1/admin/statistics HTTP/1.1" 200 26 "http://localhost:5173/" "Mozilla/5.0 (Linux; Android) AppleWebKit/537.36 (KHTML, like Gecko) Chrome/88.0.4324.109 Safari/537.36 CrKey/1.54.248666"
::ffff:192.168.137.72 - - [05/Jul/2024:13:06:34 +0000] "GET /api/v1/admin/products HTTP/1.1" 200 2271 "http://localhost:5173/" "Mozilla/5.0 (Linux; Android) AppleWebKit/537.36 (KHTML, like Gecko) Chrome/88.0.4324.109 Safari/537.36 CrKey/1.54.248666"
::ffff:192.168.137.72 - - [05/Jul/2024:13:06:34 +0000] "GET /api/v1/users/home HTTP/1.1" 200 3370 "http://localhost:5173/" "Mozilla/5.0 (Linux; Android) AppleWebKit/537.36 (KHTML, like Gecko) Chrome/88.0.4324.109 Safari/537.36 CrKey/1.54.248666"
::ffff:192.168.137.72 - - [05/Jul/2024:13:06:47 +0000] "GET /api/v1/users/aboutus HTTP/1.1" 200 2570 "http://localhost:5173/" "Mozilla/5.0 (X11; Linux x86_64) AppleWebKit/537.36 (KHTML, like Gecko) Chrome/124.0.0.0 Safari/537.36"
::ffff:192.168.137.72 - - [05/Jul/2024:13:06:47 +0000] "GET /api/v1/admin/services?trash=false HTTP/1.1" 304 - "http://localhost:5173/" "Mozilla/5.0 (X11; Linux x86_64) AppleWebKit/537.36 (KHTML, like Gecko) Chrome/124.0.0.0 Safari/537.36"
::ffff:192.168.137.72 - - [05/Jul/2024:13:06:47 +0000] "GET /api/v1/admin/professionals HTTP/1.1" 304 - "http://localhost:5173/" "Mozilla/5.0 (X11; Linux x86_64) AppleWebKit/537.36 (KHTML, like Gecko) Chrome/124.0.0.0 Safari/537.36"
::ffff:192.168.137.72 - - [05/Jul/2024:13:06:47 +0000] "GET /api/v1/admin/loan-calculator HTTP/1.1" 304 - "http://localhost:5173/" "Mozilla/5.0 (X11; Linux x86_64) AppleWebKit/537.36 (KHTML, like Gecko) Chrome/124.0.0.0 Safari/537.36"
::ffff:192.168.137.72 - - [05/Jul/2024:13:06:47 +0000] "GET /api/v1/admin/testimonials HTTP/1.1" 304 - "http://localhost:5173/" "Mozilla/5.0 (X11; Linux x86_64) AppleWebKit/537.36 (KHTML, like Gecko) Chrome/124.0.0.0 Safari/537.36"
::ffff:192.168.137.72 - - [05/Jul/2024:13:06:47 +0000] "GET /api/v1/admin/organizations HTTP/1.1" 304 - "http://localhost:5173/" "Mozilla/5.0 (X11; Linux x86_64) AppleWebKit/537.36 (KHTML, like Gecko) Chrome/124.0.0.0 Safari/537.36"
::ffff:192.168.137.72 - - [05/Jul/2024:13:06:48 +0000] "GET /api/v1/users/aboutus HTTP/1.1" 304 - "http://localhost:5173/" "Mozilla/5.0 (X11; Linux x86_64) AppleWebKit/537.36 (KHTML, like Gecko) Chrome/124.0.0.0 Safari/537.36"
::ffff:192.168.137.72 - - [05/Jul/2024:13:06:48 +0000] "GET /api/v1/admin/services?trash=false HTTP/1.1" 304 - "http://localhost:5173/" "Mozilla/5.0 (X11; Linux x86_64) AppleWebKit/537.36 (KHTML, like Gecko) Chrome/124.0.0.0 Safari/537.36"
::ffff:192.168.137.72 - - [05/Jul/2024:13:06:48 +0000] "GET /api/v1/admin/testimonials HTTP/1.1" 304 - "http://localhost:5173/" "Mozilla/5.0 (X11; Linux x86_64) AppleWebKit/537.36 (KHTML, like Gecko) Chrome/124.0.0.0 Safari/537.36"
::ffff:192.168.137.72 - - [05/Jul/2024:13:06:48 +0000] "GET /api/v1/admin/organizations HTTP/1.1" 304 - "http://localhost:5173/" "Mozilla/5.0 (X11; Linux x86_64) AppleWebKit/537.36 (KHTML, like Gecko) Chrome/124.0.0.0 Safari/537.36"
::ffff:192.168.137.72 - - [05/Jul/2024:13:06:48 +0000] "GET /api/v1/admin/loan-calculator HTTP/1.1" 304 - "http://localhost:5173/" "Mozilla/5.0 (X11; Linux x86_64) AppleWebKit/537.36 (KHTML, like Gecko) Chrome/124.0.0.0 Safari/537.36"
::ffff:192.168.137.72 - - [05/Jul/2024:13:06:48 +0000] "GET /api/v1/admin/professionals HTTP/1.1" 304 - "http://localhost:5173/" "Mozilla/5.0 (X11; Linux x86_64) AppleWebKit/537.36 (KHTML, like Gecko) Chrome/124.0.0.0 Safari/537.36"
::ffff:192.168.137.72 - - [05/Jul/2024:13:06:50 +0000] "GET /api/v1/users/aboutus HTTP/1.1" 304 - "http://localhost:5173/" "Mozilla/5.0 (X11; Linux x86_64) AppleWebKit/537.36 (KHTML, like Gecko) Chrome/124.0.0.0 Safari/537.36"
::ffff:192.168.137.72 - - [05/Jul/2024:13:06:50 +0000] "GET /api/v1/admin/services?trash=false HTTP/1.1" 304 - "http://localhost:5173/" "Mozilla/5.0 (X11; Linux x86_64) AppleWebKit/537.36 (KHTML, like Gecko) Chrome/124.0.0.0 Safari/537.36"
::ffff:192.168.137.72 - - [05/Jul/2024:13:06:50 +0000] "GET /api/v1/admin/testimonials HTTP/1.1" 304 - "http://localhost:5173/" "Mozilla/5.0 (X11; Linux x86_64) AppleWebKit/537.36 (KHTML, like Gecko) Chrome/124.0.0.0 Safari/537.36"
::ffff:192.168.137.72 - - [05/Jul/2024:13:06:50 +0000] "GET /api/v1/admin/professionals HTTP/1.1" 304 - "http://localhost:5173/" "Mozilla/5.0 (X11; Linux x86_64) AppleWebKit/537.36 (KHTML, like Gecko) Chrome/124.0.0.0 Safari/537.36"
::ffff:192.168.137.72 - - [05/Jul/2024:13:06:50 +0000] "GET /api/v1/admin/organizations HTTP/1.1" 304 - "http://localhost:5173/" "Mozilla/5.0 (X11; Linux x86_64) AppleWebKit/537.36 (KHTML, like Gecko) Chrome/124.0.0.0 Safari/537.36"
::ffff:192.168.137.72 - - [05/Jul/2024:13:06:50 +0000] "GET /api/v1/admin/loan-calculator HTTP/1.1" 304 - "http://localhost:5173/" "Mozilla/5.0 (X11; Linux x86_64) AppleWebKit/537.36 (KHTML, like Gecko) Chrome/124.0.0.0 Safari/537.36"
